Prey payoff matrix A:
[[0.7889 0.8626 0.8088 0.8072 0.8215 0.7923]
 [0.7263 0.8481 0.7643 0.8078 0.7936 0.7775]
 [0.7556 0.8684 0.7903 0.807  0.8131 0.7695]
 [0.7762 0.855  0.7858 0.809  0.806  0.7775]
 [0.7511 0.8603 0.7688 0.7805 0.8    0.6969]
 [0.7808 0.8629 0.7973 0.8225 0.7943 0.7993]]

Predator payoff matrix B:
[[1.088  1.0554 1.0786 1.0813 1.0719 1.089 ]
 [1.1027 1.0484 1.0861 1.066  1.0733 1.0792]
 [1.0991 1.0491 1.0844 1.0779 1.0736 1.0958]
 [1.0833 1.0489 1.079  1.0694 1.0695 1.0842]
 [1.0991 1.0489 1.0913 1.0877 1.0768 1.1276]
 [1.0833 1.0492 1.0768 1.066  1.079  1.077 ]]

Prey strategies:
  1. D
  2. N
  3. P1
  4. P2
  5. M1
  6. M2

Predator strategies:
  1. D
  2. N
  3. P1
  4. P2
  5. M1
  6. M2

Found 1 Nash equilibrium result(s):
  Equilibrium 1:
    Algorithm: support_enumeration
    Prey mixed strategy: D=0.864355, M2=0.135645
    Predator mixed strategy: D=0.463033, M2=0.536967
    Expected payoffs: prey=0.790715, predator=1.087351

Saved prey strategy plot to /home/tim/Documents/Spacial Modeling of Animal Displacment/script/reproduce_day_night/GameTheory/output/pop_int/T2/replicator_analysis/prey_strategy_frequencies.png
Saved predator strategy plot to /home/tim/Documents/Spacial Modeling of Animal Displacment/script/reproduce_day_night/GameTheory/output/pop_int/T2/replicator_analysis/predator_strategy_frequencies.png
