Resuming from 36 completed case(s) in /home/tim/Documents/Spacial Modeling of Animal Displacment/script/reproduce_day_night/GameTheory/output/pop_int/T1_weight_sweep/weight_runs/w1_0p7__w2_1/case_payoffs.csv

Computed prey payoff matrix:
Prey/Pred       D       N      P1      P2      M1      M2
        D  1.1257  1.2740  1.1705  1.1333  1.1771  1.1209
        N  1.1187  1.1799  1.1055  1.1332  1.1236  1.1150
       P1  1.1394  1.2449  1.1444  1.0154  1.1601  0.9816
       P2  1.1258  1.2236  1.1539  1.1369  1.1574  1.1221
       M1  1.1256  1.2384  1.1267  0.9838  1.1413  0.9548
       M2  1.1399  1.2302  1.1624  1.1559  1.1655  1.1400

Computed predator payoff matrix:
Prey/Pred       D       N      P1      P2      M1      M2
        D  0.8437  0.7917  0.8280  0.8477  0.8252  0.8530
        N  0.8189  0.8013  0.8298  0.8200  0.8241  0.8257
       P1  0.8320  0.7955  0.8331  0.8891  0.8277  0.9020
       P2  0.8275  0.7911  0.8167  0.8248  0.8158  0.8299
       M1  0.8321  0.7911  0.8336  0.8962  0.8286  0.9068
       M2  0.8274  0.7955  0.8198  0.8238  0.8192  0.8293

Saved prey payoff matrix CSV to /home/tim/Documents/Spacial Modeling of Animal Displacment/script/reproduce_day_night/GameTheory/output/pop_int/T1_weight_sweep/weight_runs/w1_0p7__w2_1/payoff_matrix_prey.csv
Saved predator payoff matrix CSV to /home/tim/Documents/Spacial Modeling of Animal Displacment/script/reproduce_day_night/GameTheory/output/pop_int/T1_weight_sweep/weight_runs/w1_0p7__w2_1/payoff_matrix_predator.csv
Saved prey payoff heatmap to /home/tim/Documents/Spacial Modeling of Animal Displacment/script/reproduce_day_night/GameTheory/output/pop_int/T1_weight_sweep/weight_runs/w1_0p7__w2_1/payoff_matrix_prey.png
Saved predator payoff heatmap to /home/tim/Documents/Spacial Modeling of Animal Displacment/script/reproduce_day_night/GameTheory/output/pop_int/T1_weight_sweep/weight_runs/w1_0p7__w2_1/payoff_matrix_predator.png
Saved 36 population heatmap file(s) to /home/tim/Documents/Spacial Modeling of Animal Displacment/script/reproduce_day_night/GameTheory/output/pop_int/T1_weight_sweep/weight_runs/w1_0p7__w2_1/population_heatmaps
