Prey payoff matrix A:
[[1.1257 1.274  1.1705 1.1333 1.1771 1.1209]
 [1.1187 1.1799 1.1055 1.1332 1.1236 1.115 ]
 [1.1394 1.2449 1.1444 1.0154 1.1601 0.9816]
 [1.1258 1.2236 1.1539 1.1369 1.1574 1.1221]
 [1.1256 1.2384 1.1267 0.9838 1.1413 0.9548]
 [1.1399 1.2302 1.1624 1.1559 1.1655 1.14  ]]

Predator payoff matrix B:
[[0.8437 0.7917 0.828  0.8477 0.8252 0.853 ]
 [0.8189 0.8013 0.8298 0.82   0.8241 0.8257]
 [0.832  0.7955 0.8331 0.8891 0.8277 0.902 ]
 [0.8275 0.7911 0.8167 0.8248 0.8158 0.8299]
 [0.8321 0.7911 0.8336 0.8962 0.8286 0.9068]
 [0.8274 0.7955 0.8198 0.8238 0.8192 0.8293]]

Prey strategies:
  1. D
  2. N
  3. P1
  4. P2
  5. M1
  6. M2

Predator strategies:
  1. D
  2. N
  3. P1
  4. P2
  5. M1
  6. M2

Found 1 Nash equilibrium result(s):
  Equilibrium 1:
    Algorithm: support_enumeration
    Prey mixed strategy: M2=1.000000
    Predator mixed strategy: M2=1.000000
    Expected payoffs: prey=1.140014, predator=0.829252

Saved combined strategy plot to /home/tim/Documents/Spacial Modeling of Animal Displacment/script/reproduce_day_night/GameTheory/output/pop_int/T1_weight_sweep/weight_runs/w1_0p7__w2_1/replicator_analysis/strategy_frequencies.png
