Finished t_sunset=0, w=0
Finished t_sunset=1, w=0
Finished t_sunset=0.5, w=0
Finished t_sunset=1, w=0.1
Finished t_sunset=0, w=0.1
Finished t_sunset=0.5, w=0.1
Finished t_sunset=1, w=0.2
Finished t_sunset=0.5, w=0.2
Finished t_sunset=0, w=0.2
Finished t_sunset=1, w=0.3
Finished t_sunset=0.5, w=0.3
Finished t_sunset=0, w=0.3
Finished t_sunset=1, w=0.4
Finished t_sunset=0.5, w=0.4
Finished t_sunset=0, w=0.4
Finished t_sunset=1, w=0.5
Finished t_sunset=0.5, w=0.5
Finished t_sunset=0, w=0.5
Finished t_sunset=1, w=0.6
Finished t_sunset=0.5, w=0.6
Finished t_sunset=0, w=0.6
Finished t_sunset=1, w=0.7
Finished t_sunset=0.5, w=0.7
Finished t_sunset=0, w=0.7
Finished t_sunset=1, w=0.8
Finished t_sunset=0.5, w=0.8
Finished t_sunset=0, w=0.8
Finished t_sunset=1, w=0.9
Finished t_sunset=0.5, w=0.9
Finished t_sunset=0, w=0.9
Finished t_sunset=0.5, w=1
Finished t_sunset=0, w=1
Finished t_sunset=1, w=1
Saved spread plot to /home/tim/Documents/Spacial Modeling of Animal Displacment/script/reproduce_day_night/output/20260726_213603/figures/basic_simulation/activity_const_spread.png
