Using Python executable: .venv/bin/python
Writing pipeline outputs under: /home/tim/Documents/Spacial Modeling of Animal Displacment/script/reproduce_day_night/output/20260726_213603/runs/game_theory/payoff_pipeline

==> payoff_matrix
    .venv/bin/python -m script.reproduce_day_night.GameTheory.payoff_matrix --output-dir /home/tim/Documents/Spacial\ Modeling\ of\ Animal\ Displacment/script/reproduce_day_night/output/20260726_213603/runs/game_theory/payoff_pipeline --payoff-mode population-integral 
  Solving 36 payoff case(s) with 16 worker(s).
  Finished case 1/36: prey=D, predator=D: prey=0.787297, predator=1.089052
  Finished case 2/36: prey=N, predator=N: prey=0.847854, predator=1.048465
  Finished case 3/36: prey=P1, predator=P1: prey=0.820393, predator=1.070006
  Finished case 4/36: prey=D, predator=M2: prey=0.804257, predator=1.084632
  Finished case 5/36: prey=N, predator=M2: prey=0.808219, predator=1.064764
  Finished case 6/36: prey=D, predator=P1: prey=0.826926, predator=1.069893
  Finished case 7/36: prey=P1, predator=N: prey=0.848658, predator=1.059178
  Finished case 8/36: prey=D, predator=M1: prey=0.840461, predator=1.062526
  Finished case 9/36: prey=N, predator=P2: prey=0.833914, predator=1.053445
  Finished case 10/36: prey=N, predator=P1: prey=0.796587, predator=1.070850
  Finished case 11/36: prey=D, predator=P2: prey=0.820122, predator=1.076212
  Finished case 12/36: prey=P1, predator=D: prey=0.739784, predator=1.107336
  Finished case 13/36: prey=N, predator=M1: prey=0.821107, predator=1.060132
  Finished case 14/36: prey=N, predator=D: prey=0.799815, predator=1.065687
  Finished case 15/36: prey=D, predator=N: prey=0.789769, predator=1.094221
  Finished case 16/36: prey=P1, predator=P2: prey=0.763012, predator=1.101593
  Finished case 17/36: prey=P1, predator=M2: prey=0.731717, predator=1.116667
  Finished case 18/36: prey=P2, predator=P2: prey=0.837430, predator=1.055661
  Finished case 19/36: prey=P1, predator=M1: prey=0.838843, predator=1.061393
  Finished case 20/36: prey=P2, predator=D: prey=0.798962, predator=1.071713
  Finished case 21/36: prey=M1, predator=M1: prey=0.829231, predator=1.062717
  Finished case 22/36: prey=M1, predator=N: prey=0.836600, predator=1.060769
  Finished case 23/36: prey=P2, predator=N: prey=0.831291, predator=1.060856
  Finished case 24/36: prey=P2, predator=M1: prey=0.830005, predator=1.058261
  Finished case 25/36: prey=M1, predator=D: prey=0.735491, predator=1.107330
  Finished case 26/36: prey=P2, predator=M2: prey=0.815521, predator=1.065866
  Finished case 27/36: prey=M1, predator=P1: prey=0.807891, predator=1.072600
  Finished case 28/36: prey=M1, predator=P2: prey=0.742099, predator=1.109099
  Finished case 29/36: prey=M2, predator=D: prey=0.803683, predator=1.071719
  Finished case 30/36: prey=P2, predator=P1: prey=0.819482, predator=1.063148
  Finished case 31/36: prey=M2, predator=N: prey=0.843353, predator=1.059241
  Finished case 32/36: prey=M1, predator=M2: prey=0.715094, predator=1.121485
  Finished case 33/36: prey=M2, predator=M2: prey=0.828541, predator=1.062982
  Finished case 34/36: prey=M2, predator=P2: prey=0.847460, predator=1.054108
  Finished case 35/36: prey=M2, predator=P1: prey=0.822529, predator=1.064998
  Finished case 36/36: prey=M2, predator=M1: prey=0.827036, predator=1.062910

Computed prey payoff matrix:
Prey/Pred       D       N      P1      P2      M1      M2
        D  0.7873  0.7898  0.8269  0.8201  0.8405  0.8043
        N  0.7998  0.8479  0.7966  0.8339  0.8211  0.8082
       P1  0.7398  0.8487  0.8204  0.7630  0.8388  0.7317
       P2  0.7990  0.8313  0.8195  0.8374  0.8300  0.8155
       M1  0.7355  0.8366  0.8079  0.7421  0.8292  0.7151
       M2  0.8037  0.8434  0.8225  0.8475  0.8270  0.8285

Computed predator payoff matrix:
Prey/Pred       D       N      P1      P2      M1      M2
        D  1.0891  1.0942  1.0699  1.0762  1.0625  1.0846
        N  1.0657  1.0485  1.0709  1.0534  1.0601  1.0648
       P1  1.1073  1.0592  1.0700  1.1016  1.0614  1.1167
       P2  1.0717  1.0609  1.0631  1.0557  1.0583  1.0659
       M1  1.1073  1.0608  1.0726  1.1091  1.0627  1.1215
       M2  1.0717  1.0592  1.0650  1.0541  1.0629  1.0630

Saved prey payoff matrix CSV to /home/tim/Documents/Spacial Modeling of Animal Displacment/script/reproduce_day_night/output/20260726_213603/runs/game_theory/payoff_pipeline/payoff_matrix_prey.csv
Saved predator payoff matrix CSV to /home/tim/Documents/Spacial Modeling of Animal Displacment/script/reproduce_day_night/output/20260726_213603/runs/game_theory/payoff_pipeline/payoff_matrix_predator.csv
Saved prey payoff heatmap to /home/tim/Documents/Spacial Modeling of Animal Displacment/script/reproduce_day_night/output/20260726_213603/runs/game_theory/payoff_pipeline/payoff_matrix_prey.png
Saved predator payoff heatmap to /home/tim/Documents/Spacial Modeling of Animal Displacment/script/reproduce_day_night/output/20260726_213603/runs/game_theory/payoff_pipeline/payoff_matrix_predator.png
Saved 36 population heatmap file(s) to /home/tim/Documents/Spacial Modeling of Animal Displacment/script/reproduce_day_night/output/20260726_213603/runs/game_theory/payoff_pipeline/population_heatmaps

==> mean_w1_prey
    .venv/bin/python -m script.reproduce_day_night.GameTheory.payoff_mean_analysis --x-axis w1 --payoff-dir /home/tim/Documents/Spacial\ Modeling\ of\ Animal\ Displacment/script/reproduce_day_night/output/20260726_213603/runs/game_theory/payoff_pipeline --output /home/tim/Documents/Spacial\ Modeling\ of\ Animal\ Displacment/script/reproduce_day_night/output/20260726_213603/runs/game_theory/payoff_pipeline/mean_analysis/mean_vs_w1_prey.png --show-variance false --payoff-player prey 
Loaded 1 payoff run(s).
Grouped by: w1
Payoff column: prey
Variance subplot: off
Saved figure: /home/tim/Documents/Spacial Modeling of Animal Displacment/script/reproduce_day_night/output/20260726_213603/runs/game_theory/payoff_pipeline/mean_analysis/mean_vs_w1_prey.png
value,count,mean,variance
0.5,36,0.8080676275,0.0012694846

==> mean_w1_predator
    .venv/bin/python -m script.reproduce_day_night.GameTheory.payoff_mean_analysis --x-axis w1 --payoff-dir /home/tim/Documents/Spacial\ Modeling\ of\ Animal\ Displacment/script/reproduce_day_night/output/20260726_213603/runs/game_theory/payoff_pipeline --output /home/tim/Documents/Spacial\ Modeling\ of\ Animal\ Displacment/script/reproduce_day_night/output/20260726_213603/runs/game_theory/payoff_pipeline/mean_analysis/mean_vs_w1_predator.png --show-variance false --payoff-player predator 
Loaded 1 payoff run(s).
Grouped by: w1
Payoff column: predator
Variance subplot: off
Saved figure: /home/tim/Documents/Spacial Modeling of Animal Displacment/script/reproduce_day_night/output/20260726_213603/runs/game_theory/payoff_pipeline/mean_analysis/mean_vs_w1_predator.png
value,count,mean,variance
0.5,36,1.0733753685,0.0003666317

==> mean_w2_prey
    .venv/bin/python -m script.reproduce_day_night.GameTheory.payoff_mean_analysis --x-axis w2 --payoff-dir /home/tim/Documents/Spacial\ Modeling\ of\ Animal\ Displacment/script/reproduce_day_night/output/20260726_213603/runs/game_theory/payoff_pipeline --output /home/tim/Documents/Spacial\ Modeling\ of\ Animal\ Displacment/script/reproduce_day_night/output/20260726_213603/runs/game_theory/payoff_pipeline/mean_analysis/mean_vs_w2_prey.png --show-variance false --payoff-player prey 
Loaded 1 payoff run(s).
Grouped by: w2
Payoff column: prey
Variance subplot: off
Saved figure: /home/tim/Documents/Spacial Modeling of Animal Displacment/script/reproduce_day_night/output/20260726_213603/runs/game_theory/payoff_pipeline/mean_analysis/mean_vs_w2_prey.png
value,count,mean,variance
0.5,36,0.8080676275,0.0012694846

==> mean_w2_predator
    .venv/bin/python -m script.reproduce_day_night.GameTheory.payoff_mean_analysis --x-axis w2 --payoff-dir /home/tim/Documents/Spacial\ Modeling\ of\ Animal\ Displacment/script/reproduce_day_night/output/20260726_213603/runs/game_theory/payoff_pipeline --output /home/tim/Documents/Spacial\ Modeling\ of\ Animal\ Displacment/script/reproduce_day_night/output/20260726_213603/runs/game_theory/payoff_pipeline/mean_analysis/mean_vs_w2_predator.png --show-variance false --payoff-player predator 
Loaded 1 payoff run(s).
Grouped by: w2
Payoff column: predator
Variance subplot: off
Saved figure: /home/tim/Documents/Spacial Modeling of Animal Displacment/script/reproduce_day_night/output/20260726_213603/runs/game_theory/payoff_pipeline/mean_analysis/mean_vs_w2_predator.png
value,count,mean,variance
0.5,36,1.0733753685,0.0003666317

==> mean_cycle1_prey
    .venv/bin/python -m script.reproduce_day_night.GameTheory.payoff_mean_analysis --x-axis cycle1 --payoff-dir /home/tim/Documents/Spacial\ Modeling\ of\ Animal\ Displacment/script/reproduce_day_night/output/20260726_213603/runs/game_theory/payoff_pipeline --output /home/tim/Documents/Spacial\ Modeling\ of\ Animal\ Displacment/script/reproduce_day_night/output/20260726_213603/runs/game_theory/payoff_pipeline/mean_analysis/mean_vs_cycle1_prey.png --show-variance false --payoff-player prey 
Loaded 1 payoff run(s).
Grouped by: Circadian cycle 1
Payoff column: prey
Variance subplot: off
Saved figure: /home/tim/Documents/Spacial Modeling of Animal Displacment/script/reproduce_day_night/output/20260726_213603/runs/game_theory/payoff_pipeline/mean_analysis/mean_vs_cycle1_prey.png
value,count,mean,variance
D,6,0.8114720775,0.0003769188
N,6,0.8179161398,0.0003398269
P1,6,0.7904010607,0.0022326675
P2,6,0.8221151269,0.0001612441
M1,6,0.7777343847,0.0023341071
M2,6,0.8287669755,0.0002055512

==> mean_cycle1_predator
    .venv/bin/python -m script.reproduce_day_night.GameTheory.payoff_mean_analysis --x-axis cycle1 --payoff-dir /home/tim/Documents/Spacial\ Modeling\ of\ Animal\ Displacment/script/reproduce_day_night/output/20260726_213603/runs/game_theory/payoff_pipeline --output /home/tim/Documents/Spacial\ Modeling\ of\ Animal\ Displacment/script/reproduce_day_night/output/20260726_213603/runs/game_theory/payoff_pipeline/mean_analysis/mean_vs_cycle1_predator.png --show-variance false --payoff-player predator 
Loaded 1 payoff run(s).
Grouped by: Circadian cycle 1
Payoff column: predator
Variance subplot: off
Saved figure: /home/tim/Documents/Spacial Modeling of Animal Displacment/script/reproduce_day_night/output/20260726_213603/runs/game_theory/payoff_pipeline/mean_analysis/mean_vs_cycle1_predator.png
value,count,mean,variance
D,6,1.0794227233,0.0001209153
N,6,1.0605572319,0.0000578232
P1,6,1.0860287948,0.0005365878
P2,6,1.0625841191,0.0000273369
M1,6,1.0889998157,0.0005919864
M2,6,1.0626595261,0.0000287528

==> mean_cycle2_prey
    .venv/bin/python -m script.reproduce_day_night.GameTheory.payoff_mean_analysis --x-axis cycle2 --payoff-dir /home/tim/Documents/Spacial\ Modeling\ of\ Animal\ Displacment/script/reproduce_day_night/output/20260726_213603/runs/game_theory/payoff_pipeline --output /home/tim/Documents/Spacial\ Modeling\ of\ Animal\ Displacment/script/reproduce_day_night/output/20260726_213603/runs/game_theory/payoff_pipeline/mean_analysis/mean_vs_cycle2_prey.png --show-variance false --payoff-player prey 
Loaded 1 payoff run(s).
Grouped by: Circadian cycle 2
Payoff column: prey
Variance subplot: off
Saved figure: /home/tim/Documents/Spacial Modeling of Animal Displacment/script/reproduce_day_night/output/20260726_213603/runs/game_theory/payoff_pipeline/mean_analysis/mean_vs_cycle2_prey.png
value,count,mean,variance
D,6,0.7775055911,0.0008212311
N,6,0.8329207569,0.0004096235
P1,6,0.8156347391,0.0001058742
P2,6,0.8073394827,0.0016009749
M1,6,0.8311138110,0.0000447737
M2,6,0.7838913842,0.0019093054

==> mean_cycle2_predator
    .venv/bin/python -m script.reproduce_day_night.GameTheory.payoff_mean_analysis --x-axis cycle2 --payoff-dir /home/tim/Documents/Spacial\ Modeling\ of\ Animal\ Displacment/script/reproduce_day_night/output/20260726_213603/runs/game_theory/payoff_pipeline --output /home/tim/Documents/Spacial\ Modeling\ of\ Animal\ Displacment/script/reproduce_day_night/output/20260726_213603/runs/game_theory/payoff_pipeline/mean_analysis/mean_vs_cycle2_predator.png --show-variance false --payoff-player predator 
Loaded 1 payoff run(s).
Grouped by: Circadian cycle 2
Payoff column: predator
Variance subplot: off
Saved figure: /home/tim/Documents/Spacial Modeling of Animal Displacment/script/reproduce_day_night/output/20260726_213603/runs/game_theory/payoff_pipeline/mean_analysis/mean_vs_cycle2_predator.png
value,count,mean,variance
D,6,1.0854728135,0.0002897545
N,6,1.0637883732,0.0002034360
P1,6,1.0685823114,0.0000112354
P2,6,1.0750196399,0.0005244061
M1,6,1.0613232149,0.0000027843
M2,6,1.0860658580,0.0005979354

==> minmax
    .venv/bin/python -m script.reproduce_day_night.GameTheory.payoff_minmax_maxmin --payoff-matrix /home/tim/Documents/Spacial\ Modeling\ of\ Animal\ Displacment/script/reproduce_day_night/output/20260726_213603/runs/game_theory/payoff_pipeline 
Saved security-value analysis to /home/tim/Documents/Spacial Modeling of Animal Displacment/script/reproduce_day_night/output/20260726_213603/runs/game_theory/payoff_pipeline/payoff_minmax_maxmin.json
Prey maximin value: 0.8036833831 via M2
Predator maximin value: 1.0656871236 via D

==> nash
    .venv/bin/python -m script.reproduce_day_night.GameTheory.payoff_nash_equilibrium --payoff-matrix /home/tim/Documents/Spacial\ Modeling\ of\ Animal\ Displacment/script/reproduce_day_night/output/20260726_213603/runs/game_theory/payoff_pipeline 
Saved Nash equilibrium analysis to /home/tim/Documents/Spacial Modeling of Animal Displacment/script/reproduce_day_night/output/20260726_213603/runs/game_theory/payoff_pipeline/payoff_nash_equilibrium.json
Computed 1 equilibrium result(s).
First predator expected payoff: 1.0717186959

==> replicator
    .venv/bin/python -m script.reproduce_day_night.GameTheory.payoff_replicator_analysis --payoff-matrix /home/tim/Documents/Spacial\ Modeling\ of\ Animal\ Displacment/script/reproduce_day_night/output/20260726_213603/runs/game_theory/payoff_pipeline --time-span 40.0 --time-steps 800 --output-dir /home/tim/Documents/Spacial\ Modeling\ of\ Animal\ Displacment/script/reproduce_day_night/output/20260726_213603/runs/game_theory/payoff_pipeline/replicator_analysis --plot-style line 
Prey payoff matrix A:
[[0.7873 0.7898 0.8269 0.8201 0.8405 0.8043]
 [0.7998 0.8479 0.7966 0.8339 0.8211 0.8082]
 [0.7398 0.8487 0.8204 0.763  0.8388 0.7317]
 [0.799  0.8313 0.8195 0.8374 0.83   0.8155]
 [0.7355 0.8366 0.8079 0.7421 0.8292 0.7151]
 [0.8037 0.8434 0.8225 0.8475 0.827  0.8285]]

Predator payoff matrix B:
[[1.0891 1.0942 1.0699 1.0762 1.0625 1.0846]
 [1.0657 1.0485 1.0709 1.0534 1.0601 1.0648]
 [1.1073 1.0592 1.07   1.1016 1.0614 1.1167]
 [1.0717 1.0609 1.0631 1.0557 1.0583 1.0659]
 [1.1073 1.0608 1.0726 1.1091 1.0627 1.1215]
 [1.0717 1.0592 1.065  1.0541 1.0629 1.063 ]]

Prey strategies:
  1. D
  2. N
  3. P1
  4. P2
  5. M
  6. V

Predator strategies:
  1. D
  2. N
  3. P1
  4. P2
  5. M
  6. V

Found 1 Nash equilibrium result(s):
  Equilibrium 1:
    Algorithm: support_enumeration
    Prey mixed strategy: V=1.000000
    Predator mixed strategy: D=1.000000
    Expected payoffs: prey=0.803683, predator=1.071719

Saved combined strategy plot to /home/tim/Documents/Spacial Modeling of Animal Displacment/script/reproduce_day_night/output/20260726_213603/runs/game_theory/payoff_pipeline/replicator_analysis/strategy_frequencies.png

Pipeline completed successfully.
Main artifacts:
  /home/tim/Documents/Spacial Modeling of Animal Displacment/script/reproduce_day_night/output/20260726_213603/runs/game_theory/payoff_pipeline/payoff_matrix_prey.csv
  /home/tim/Documents/Spacial Modeling of Animal Displacment/script/reproduce_day_night/output/20260726_213603/runs/game_theory/payoff_pipeline/payoff_matrix_predator.csv
  /home/tim/Documents/Spacial Modeling of Animal Displacment/script/reproduce_day_night/output/20260726_213603/runs/game_theory/payoff_pipeline/payoff_minmax_maxmin.json
  /home/tim/Documents/Spacial Modeling of Animal Displacment/script/reproduce_day_night/output/20260726_213603/runs/game_theory/payoff_pipeline/payoff_nash_equilibrium.json
  /home/tim/Documents/Spacial Modeling of Animal Displacment/script/reproduce_day_night/output/20260726_213603/runs/game_theory/payoff_pipeline/mean_analysis
  /home/tim/Documents/Spacial Modeling of Animal Displacment/script/reproduce_day_night/output/20260726_213603/runs/game_theory/payoff_pipeline/replicator_analysis
  /home/tim/Documents/Spacial Modeling of Animal Displacment/script/reproduce_day_night/output/20260726_213603/runs/game_theory/payoff_pipeline/logs
