[1/4] Computing Spatially homogeneous...
  Solving 36 payoff case(s) with 16 worker(s).
  Finished case 1/36: prey=D, predator=D: prey=0.765889, predator=1.098270
  Finished case 2/36: prey=N, predator=N: prey=0.805408, predator=1.067204
  Finished case 3/36: prey=P1, predator=P1: prey=0.776064, predator=1.090278
  Finished case 4/36: prey=P1, predator=N: prey=0.819976, predator=1.071011
  Finished case 5/36: prey=D, predator=M2: prey=0.795310, predator=1.086865
  Finished case 6/36: prey=N, predator=M2: prey=0.776888, predator=1.078860
  Finished case 7/36: prey=D, predator=P1: prey=0.780963, predator=1.091574
  Finished case 8/36: prey=D, predator=P2: prey=0.809480, predator=1.079382
  Finished case 9/36: prey=N, predator=M1: prey=0.775815, predator=1.081473
  Finished case 10/36: prey=D, predator=M1: prey=0.795046, predator=1.084138
  Finished case 11/36: prey=N, predator=P1: prey=0.762460, predator=1.086311
  Finished case 12/36: prey=N, predator=P2: prey=0.790321, predator=1.073981
  Finished case 13/36: prey=P1, predator=D: prey=0.761221, predator=1.096936
  Finished case 14/36: prey=P1, predator=P2: prey=0.804480, predator=1.077980
  Finished case 15/36: prey=D, predator=N: prey=0.825219, predator=1.072371
  Finished case 16/36: prey=N, predator=D: prey=0.748011, predator=1.092785
  Finished case 17/36: prey=P1, predator=M2: prey=0.790570, predator=1.084161
  Finished case 18/36: prey=P2, predator=P2: prey=0.795206, predator=1.075343
  Finished case 19/36: prey=P1, predator=M1: prey=0.789890, predator=1.084140
  Finished case 20/36: prey=M1, predator=M1: prey=0.785356, predator=1.082944
  Finished case 21/36: prey=P2, predator=D: prey=0.752571, predator=1.094082
  Finished case 22/36: prey=P2, predator=N: prey=0.810529, predator=1.068526
  Finished case 23/36: prey=P2, predator=M2: prey=0.781524, predator=1.081486
  Finished case 24/36: prey=M1, predator=D: prey=0.756783, predator=1.096937
  Finished case 25/36: prey=M1, predator=N: prey=0.815550, predator=1.068533
  Finished case 26/36: prey=M1, predator=P1: prey=0.771735, predator=1.089050
  Finished case 27/36: prey=P2, predator=M1: prey=0.780846, predator=1.081470
  Finished case 28/36: prey=M1, predator=P2: prey=0.799925, predator=1.076788
  Finished case 29/36: prey=M2, predator=N: prey=0.814956, predator=1.071003
  Finished case 30/36: prey=M2, predator=D: prey=0.757012, predator=1.094081
  Finished case 31/36: prey=P2, predator=P1: prey=0.767246, predator=1.087571
  Finished case 32/36: prey=M1, predator=M2: prey=0.786221, predator=1.082936
  Finished case 33/36: prey=M2, predator=M2: prey=0.785875, predator=1.082709
  Finished case 34/36: prey=M2, predator=P2: prey=0.799763, predator=1.076534
  Finished case 35/36: prey=M2, predator=P1: prey=0.771577, predator=1.088798
  Finished case 36/36: prey=M2, predator=M1: prey=0.785382, predator=1.082665

Computed prey payoff matrix:
Prey/Pred       D       N      P1      P2      M1      M2
        D  0.7659  0.8252  0.7810  0.8095  0.7950  0.7953
        N  0.7480  0.8054  0.7625  0.7903  0.7758  0.7769
       P1  0.7612  0.8200  0.7761  0.8045  0.7899  0.7906
       P2  0.7526  0.8105  0.7672  0.7952  0.7808  0.7815
       M1  0.7568  0.8156  0.7717  0.7999  0.7854  0.7862
       M2  0.7570  0.8150  0.7716  0.7998  0.7854  0.7859

Computed predator payoff matrix:
Prey/Pred       D       N      P1      P2      M1      M2
        D  1.0983  1.0724  1.0916  1.0794  1.0841  1.0869
        N  1.0928  1.0672  1.0863  1.0740  1.0815  1.0789
       P1  1.0969  1.0710  1.0903  1.0780  1.0841  1.0842
       P2  1.0941  1.0685  1.0876  1.0753  1.0815  1.0815
       M1  1.0969  1.0685  1.0890  1.0768  1.0829  1.0829
       M2  1.0941  1.0710  1.0888  1.0765  1.0827  1.0827

Saved prey payoff matrix CSV to /home/tim/Documents/Spacial Modeling of Animal Displacment/script/reproduce_day_night/output/20260726_213603/runs/game_theory/initial_condition_payoff_matrices/homogeneous/payoff_matrix_prey.csv
Saved predator payoff matrix CSV to /home/tim/Documents/Spacial Modeling of Animal Displacment/script/reproduce_day_night/output/20260726_213603/runs/game_theory/initial_condition_payoff_matrices/homogeneous/payoff_matrix_predator.csv
Saved prey payoff heatmap to /home/tim/Documents/Spacial Modeling of Animal Displacment/script/reproduce_day_night/output/20260726_213603/runs/game_theory/initial_condition_payoff_matrices/homogeneous/payoff_matrix_prey.png
Saved predator payoff heatmap to /home/tim/Documents/Spacial Modeling of Animal Displacment/script/reproduce_day_night/output/20260726_213603/runs/game_theory/initial_condition_payoff_matrices/homogeneous/payoff_matrix_predator.png
Skipped population heatmap export.
[2/4] Computing Perturbed homogeneous...
  Solving 36 payoff case(s) with 16 worker(s).
  Finished case 1/36: prey=D, predator=D: prey=0.765958, predator=1.098232
  Finished case 2/36: prey=N, predator=N: prey=0.805426, predator=1.067196
  Finished case 3/36: prey=P1, predator=P1: prey=0.776072, predator=1.090274
  Finished case 4/36: prey=D, predator=M2: prey=0.795031, predator=1.087005
  Finished case 5/36: prey=N, predator=M2: prey=0.776894, predator=1.078857
  Finished case 6/36: prey=D, predator=P1: prey=0.781050, predator=1.091525
  Finished case 7/36: prey=N, predator=P2: prey=0.790337, predator=1.073973
  Finished case 8/36: prey=D, predator=M1: prey=0.795119, predator=1.084096
  Finished case 9/36: prey=D, predator=P2: prey=0.809237, predator=1.079502
  Finished case 10/36: prey=P1, predator=N: prey=0.819945, predator=1.071027
  Finished case 11/36: prey=N, predator=P1: prey=0.762467, predator=1.086307
  Finished case 12/36: prey=P1, predator=D: prey=0.761288, predator=1.096899
  Finished case 13/36: prey=N, predator=M1: prey=0.775832, predator=1.081464
  Finished case 14/36: prey=D, predator=N: prey=0.824983, predator=1.072484
  Finished case 15/36: prey=N, predator=D: prey=0.748024, predator=1.092777
  Finished case 16/36: prey=P1, predator=P2: prey=0.804419, predator=1.078009
  Finished case 17/36: prey=P1, predator=M2: prey=0.790449, predator=1.084219
  Finished case 18/36: prey=P1, predator=M1: prey=0.789909, predator=1.084129
  Finished case 19/36: prey=P2, predator=P2: prey=0.795211, predator=1.075340
  Finished case 20/36: prey=P2, predator=D: prey=0.752601, predator=1.094065
  Finished case 21/36: prey=M1, predator=M1: prey=0.785363, predator=1.082940
  Finished case 22/36: prey=P2, predator=N: prey=0.810509, predator=1.068535
  Finished case 23/36: prey=M1, predator=D: prey=0.756849, predator=1.096901
  Finished case 24/36: prey=P2, predator=M2: prey=0.781518, predator=1.081488
  Finished case 25/36: prey=M1, predator=N: prey=0.815531, predator=1.068543
  Finished case 26/36: prey=P2, predator=M1: prey=0.780882, predator=1.081451
  Finished case 27/36: prey=M1, predator=P2: prey=0.799815, predator=1.076841
  Finished case 28/36: prey=M1, predator=P1: prey=0.771731, predator=1.089051
  Finished case 29/36: prey=M2, predator=N: prey=0.814926, predator=1.071019
  Finished case 30/36: prey=M2, predator=D: prey=0.757043, predator=1.094064
  Finished case 31/36: prey=P2, predator=P1: prey=0.767279, predator=1.087553
  Finished case 32/36: prey=M1, predator=M2: prey=0.786028, predator=1.083028
  Finished case 33/36: prey=M2, predator=M2: prey=0.785881, predator=1.082706
  Finished case 34/36: prey=M2, predator=P1: prey=0.771618, predator=1.088776
  Finished case 35/36: prey=M2, predator=P2: prey=0.799781, predator=1.076524
  Finished case 36/36: prey=M2, predator=M1: prey=0.785435, predator=1.082635

Computed prey payoff matrix:
Prey/Pred       D       N      P1      P2      M1      M2
        D  0.7660  0.8250  0.7811  0.8092  0.7951  0.7950
        N  0.7480  0.8054  0.7625  0.7903  0.7758  0.7769
       P1  0.7613  0.8199  0.7761  0.8044  0.7899  0.7904
       P2  0.7526  0.8105  0.7673  0.7952  0.7809  0.7815
       M1  0.7568  0.8155  0.7717  0.7998  0.7854  0.7860
       M2  0.7570  0.8149  0.7716  0.7998  0.7854  0.7859

Computed predator payoff matrix:
Prey/Pred       D       N      P1      P2      M1      M2
        D  1.0982  1.0725  1.0915  1.0795  1.0841  1.0870
        N  1.0928  1.0672  1.0863  1.0740  1.0815  1.0789
       P1  1.0969  1.0710  1.0903  1.0780  1.0841  1.0842
       P2  1.0941  1.0685  1.0876  1.0753  1.0815  1.0815
       M1  1.0969  1.0685  1.0891  1.0768  1.0829  1.0830
       M2  1.0941  1.0710  1.0888  1.0765  1.0826  1.0827

Saved prey payoff matrix CSV to /home/tim/Documents/Spacial Modeling of Animal Displacment/script/reproduce_day_night/output/20260726_213603/runs/game_theory/initial_condition_payoff_matrices/perturbed-homogeneous/payoff_matrix_prey.csv
Saved predator payoff matrix CSV to /home/tim/Documents/Spacial Modeling of Animal Displacment/script/reproduce_day_night/output/20260726_213603/runs/game_theory/initial_condition_payoff_matrices/perturbed-homogeneous/payoff_matrix_predator.csv
Saved prey payoff heatmap to /home/tim/Documents/Spacial Modeling of Animal Displacment/script/reproduce_day_night/output/20260726_213603/runs/game_theory/initial_condition_payoff_matrices/perturbed-homogeneous/payoff_matrix_prey.png
Saved predator payoff heatmap to /home/tim/Documents/Spacial Modeling of Animal Displacment/script/reproduce_day_night/output/20260726_213603/runs/game_theory/initial_condition_payoff_matrices/perturbed-homogeneous/payoff_matrix_predator.png
Skipped population heatmap export.
[3/4] Computing Overlapping Gaussian pulses...
  Solving 36 payoff case(s) with 16 worker(s).
  Finished case 1/36: prey=D, predator=D: prey=0.780222, predator=1.091797
  Finished case 2/36: prey=N, predator=N: prey=0.788854, predator=1.073121
  Finished case 3/36: prey=P1, predator=P1: prey=0.804187, predator=1.077118
  Finished case 4/36: prey=N, predator=P2: prey=0.738912, predator=1.093639
  Finished case 5/36: prey=N, predator=M1: prey=0.724987, predator=1.100266
  Finished case 6/36: prey=N, predator=M2: prey=0.686623, predator=1.116139
  Finished case 7/36: prey=D, predator=M2: prey=0.783180, predator=1.094766
  Finished case 8/36: prey=N, predator=P1: prey=0.675641, predator=1.121152
  Finished case 9/36: prey=P1, predator=N: prey=0.857643, predator=1.054069
  Finished case 10/36: prey=D, predator=P1: prey=0.825938, predator=1.069663
  Finished case 11/36: prey=D, predator=M1: prey=0.838971, predator=1.062434
  Finished case 12/36: prey=D, predator=P2: prey=0.798597, predator=1.086727
  Finished case 13/36: prey=P1, predator=D: prey=0.756543, predator=1.098118
  Finished case 14/36: prey=N, predator=D: prey=0.719866, predator=1.092660
  Finished case 15/36: prey=D, predator=N: prey=0.798297, predator=1.089623
  Finished case 16/36: prey=P1, predator=P2: prey=0.780887, predator=1.090603
  Finished case 17/36: prey=P1, predator=M2: prey=0.748107, predator=1.105634
  Finished case 18/36: prey=P2, predator=P2: prey=0.821073, predator=1.063015
  Finished case 19/36: prey=P2, predator=D: prey=0.752376, predator=1.089219
  Finished case 20/36: prey=P1, predator=M1: prey=0.824477, predator=1.067376
  Finished case 21/36: prey=M1, predator=M1: prey=0.812743, predator=1.070009
  Finished case 22/36: prey=P2, predator=N: prey=0.845546, predator=1.052504
  Finished case 23/36: prey=P2, predator=M2: prey=0.796746, predator=1.074538
  Finished case 24/36: prey=M1, predator=D: prey=0.752196, predator=1.098090
  Finished case 25/36: prey=M1, predator=N: prey=0.850935, predator=1.052450
  Finished case 26/36: prey=M1, predator=P1: prey=0.788984, predator=1.081223
  Finished case 27/36: prey=P2, predator=M1: prey=0.732607, predator=1.100297
  Finished case 28/36: prey=M1, predator=P2: prey=0.758813, predator=1.097909
  Finished case 29/36: prey=M2, predator=D: prey=0.756747, predator=1.089258
  Finished case 30/36: prey=P2, predator=P1: prey=0.725392, predator=1.103677
  Finished case 31/36: prey=M2, predator=N: prey=0.852286, predator=1.054114
  Finished case 32/36: prey=M1, predator=M2: prey=0.716844, predator=1.117026
  Finished case 33/36: prey=M2, predator=M2: prey=0.812464, predator=1.070157
  Finished case 34/36: prey=M2, predator=P1: prey=0.727258, predator=1.105602
  Finished case 35/36: prey=M2, predator=P2: prey=0.833318, predator=1.060115
  Finished case 36/36: prey=M2, predator=M1: prey=0.733476, predator=1.102737

Computed prey payoff matrix:
Prey/Pred       D       N      P1      P2      M1      M2
        D  0.7802  0.7983  0.8259  0.7986  0.8390  0.7832
        N  0.7199  0.7889  0.6756  0.7389  0.7250  0.6866
       P1  0.7565  0.8576  0.8042  0.7809  0.8245  0.7481
       P2  0.7524  0.8455  0.7254  0.8211  0.7326  0.7967
       M1  0.7522  0.8509  0.7890  0.7588  0.8127  0.7168
       M2  0.7567  0.8523  0.7273  0.8333  0.7335  0.8125

Computed predator payoff matrix:
Prey/Pred       D       N      P1      P2      M1      M2
        D  1.0918  1.0896  1.0697  1.0867  1.0624  1.0948
        N  1.0927  1.0731  1.1212  1.0936  1.1003  1.1161
       P1  1.0981  1.0541  1.0771  1.0906  1.0674  1.1056
       P2  1.0892  1.0525  1.1037  1.0630  1.1003  1.0745
       M1  1.0981  1.0525  1.0812  1.0979  1.0700  1.1170
       M2  1.0893  1.0541  1.1056  1.0601  1.1027  1.0702

Saved prey payoff matrix CSV to /home/tim/Documents/Spacial Modeling of Animal Displacment/script/reproduce_day_night/output/20260726_213603/runs/game_theory/initial_condition_payoff_matrices/overlapping-gaussian/payoff_matrix_prey.csv
Saved predator payoff matrix CSV to /home/tim/Documents/Spacial Modeling of Animal Displacment/script/reproduce_day_night/output/20260726_213603/runs/game_theory/initial_condition_payoff_matrices/overlapping-gaussian/payoff_matrix_predator.csv
Saved prey payoff heatmap to /home/tim/Documents/Spacial Modeling of Animal Displacment/script/reproduce_day_night/output/20260726_213603/runs/game_theory/initial_condition_payoff_matrices/overlapping-gaussian/payoff_matrix_prey.png
Saved predator payoff heatmap to /home/tim/Documents/Spacial Modeling of Animal Displacment/script/reproduce_day_night/output/20260726_213603/runs/game_theory/initial_condition_payoff_matrices/overlapping-gaussian/payoff_matrix_predator.png
Skipped population heatmap export.
[4/4] Computing Disjoint Gaussian pulses...
  Solving 36 payoff case(s) with 16 worker(s).
  Finished case 1/36: prey=N, predator=N: prey=0.847854, predator=1.048465
  Finished case 2/36: prey=D, predator=D: prey=0.787297, predator=1.089052
  Finished case 3/36: prey=P1, predator=P1: prey=0.820393, predator=1.070006
  Finished case 4/36: prey=N, predator=M2: prey=0.808219, predator=1.064764
  Finished case 5/36: prey=P1, predator=D: prey=0.739784, predator=1.107336
  Finished case 6/36: prey=D, predator=P1: prey=0.826926, predator=1.069893
  Finished case 7/36: prey=N, predator=P1: prey=0.796587, predator=1.070850
  Finished case 8/36: prey=D, predator=M2: prey=0.804257, predator=1.084632
  Finished case 9/36: prey=D, predator=P2: prey=0.820122, predator=1.076212
  Finished case 10/36: prey=N, predator=M1: prey=0.821107, predator=1.060132
  Finished case 11/36: prey=P1, predator=N: prey=0.848658, predator=1.059178
  Finished case 12/36: prey=D, predator=M1: prey=0.840461, predator=1.062526
  Finished case 13/36: prey=N, predator=P2: prey=0.833914, predator=1.053445
  Finished case 14/36: prey=D, predator=N: prey=0.789769, predator=1.094221
  Finished case 15/36: prey=N, predator=D: prey=0.799815, predator=1.065687
  Finished case 16/36: prey=P1, predator=P2: prey=0.763012, predator=1.101593
  Finished case 17/36: prey=P1, predator=M1: prey=0.838843, predator=1.061393
  Finished case 18/36: prey=P1, predator=M2: prey=0.731717, predator=1.116667
  Finished case 19/36: prey=P2, predator=P2: prey=0.837430, predator=1.055661
  Finished case 20/36: prey=P2, predator=D: prey=0.798962, predator=1.071713
  Finished case 21/36: prey=M1, predator=M1: prey=0.829231, predator=1.062717
  Finished case 22/36: prey=P2, predator=N: prey=0.831291, predator=1.060856
  Finished case 23/36: prey=P2, predator=M2: prey=0.815521, predator=1.065866
  Finished case 24/36: prey=M1, predator=D: prey=0.735491, predator=1.107330
  Finished case 25/36: prey=M1, predator=N: prey=0.836600, predator=1.060769
  Finished case 26/36: prey=P2, predator=M1: prey=0.830005, predator=1.058261
  Finished case 27/36: prey=M1, predator=P2: prey=0.742099, predator=1.109099
  Finished case 28/36: prey=M1, predator=P1: prey=0.807891, predator=1.072600
  Finished case 29/36: prey=M2, predator=D: prey=0.803683, predator=1.071719
  Finished case 30/36: prey=M2, predator=N: prey=0.843353, predator=1.059241
  Finished case 31/36: prey=P2, predator=P1: prey=0.819482, predator=1.063148
  Finished case 32/36: prey=M1, predator=M2: prey=0.715094, predator=1.121485
  Finished case 33/36: prey=M2, predator=M2: prey=0.828541, predator=1.062982
  Finished case 34/36: prey=M2, predator=P1: prey=0.822529, predator=1.064998
  Finished case 35/36: prey=M2, predator=P2: prey=0.847460, predator=1.054108
  Finished case 36/36: prey=M2, predator=M1: prey=0.827036, predator=1.062910

Computed prey payoff matrix:
Prey/Pred       D       N      P1      P2      M1      M2
        D  0.7873  0.7898  0.8269  0.8201  0.8405  0.8043
        N  0.7998  0.8479  0.7966  0.8339  0.8211  0.8082
       P1  0.7398  0.8487  0.8204  0.7630  0.8388  0.7317
       P2  0.7990  0.8313  0.8195  0.8374  0.8300  0.8155
       M1  0.7355  0.8366  0.8079  0.7421  0.8292  0.7151
       M2  0.8037  0.8434  0.8225  0.8475  0.8270  0.8285

Computed predator payoff matrix:
Prey/Pred       D       N      P1      P2      M1      M2
        D  1.0891  1.0942  1.0699  1.0762  1.0625  1.0846
        N  1.0657  1.0485  1.0709  1.0534  1.0601  1.0648
       P1  1.1073  1.0592  1.0700  1.1016  1.0614  1.1167
       P2  1.0717  1.0609  1.0631  1.0557  1.0583  1.0659
       M1  1.1073  1.0608  1.0726  1.1091  1.0627  1.1215
       M2  1.0717  1.0592  1.0650  1.0541  1.0629  1.0630

Saved prey payoff matrix CSV to /home/tim/Documents/Spacial Modeling of Animal Displacment/script/reproduce_day_night/output/20260726_213603/runs/game_theory/initial_condition_payoff_matrices/disjoint-gaussian/payoff_matrix_prey.csv
Saved predator payoff matrix CSV to /home/tim/Documents/Spacial Modeling of Animal Displacment/script/reproduce_day_night/output/20260726_213603/runs/game_theory/initial_condition_payoff_matrices/disjoint-gaussian/payoff_matrix_predator.csv
Saved prey payoff heatmap to /home/tim/Documents/Spacial Modeling of Animal Displacment/script/reproduce_day_night/output/20260726_213603/runs/game_theory/initial_condition_payoff_matrices/disjoint-gaussian/payoff_matrix_prey.png
Saved predator payoff heatmap to /home/tim/Documents/Spacial Modeling of Animal Displacment/script/reproduce_day_night/output/20260726_213603/runs/game_theory/initial_condition_payoff_matrices/disjoint-gaussian/payoff_matrix_predator.png
Skipped population heatmap export.
Saved comparison figure to /home/tim/Documents/Spacial Modeling of Animal Displacment/script/reproduce_day_night/output/20260726_213603/figures/game_theory/payoff_initial_condition_comparison.png
