Prey payoff matrix A:
[[1.1067 1.0892 1.1407 1.1233 1.1508 1.1095]
 [1.0689 1.1202 1.077  1.1056 1.096  1.0859]
 [1.0574 1.1463 1.1266 1.0596 1.1408 1.0341]
 [1.0847 1.1125 1.1074 1.1196 1.1155 1.1031]
 [1.0448 1.1264 1.1076 1.0344 1.1236 1.0116]
 [1.0981 1.1324 1.12   1.1371 1.1235 1.1225]]

Predator payoff matrix B:
[[0.8503 0.8657 0.8386 0.8491 0.8343 0.8547]
 [0.8374 0.8254 0.8378 0.8287 0.8324 0.8343]
 [0.8599 0.8347 0.838  0.8665 0.8335 0.8751]
 [0.8393 0.8351 0.8328 0.83   0.8301 0.8352]
 [0.8598 0.8349 0.8387 0.8704 0.8338 0.8774]
 [0.8393 0.8348 0.834  0.8296 0.8328 0.8343]]

Prey strategies:
  1. D
  2. N
  3. P1
  4. P2
  5. M1
  6. M2

Predator strategies:
  1. D
  2. N
  3. P1
  4. P2
  5. M1
  6. M2

Found 1 Nash equilibrium result(s):
  Equilibrium 1:
    Algorithm: support_enumeration
    Prey mixed strategy: D=0.223945, M2=0.776055
    Predator mixed strategy: D=0.833652, N=0.166348
    Expected payoffs: prey=1.103805, predator=0.841746

Saved combined strategy plot to /home/tim/Documents/Spacial Modeling of Animal Displacment/script/reproduce_day_night/GameTheory/output/pop_int/T1/replicator_analysis/strategy_frequencies.png
