Resuming from 36 completed case(s) in /home/tim/Documents/Spacial Modeling of Animal Displacment/script/reproduce_day_night/GameTheory/output/pop_int/T1_weight_sweep/weight_runs/w1_0p8__w2_0/case_payoffs.csv

Computed prey payoff matrix:
Prey/Pred       D       N      P1      P2      M1      M2
        D  1.1672  1.0517  1.0564  1.0645  1.0681  1.0383
        N  1.0439  1.1025  1.0639  1.0904  1.0804  1.0731
       P1  1.0716  1.1543  1.1196  1.1438  1.1360  1.1235
       P2  1.0789  1.1190  1.0507  1.1140  1.0813  1.0679
       M1  1.0588  1.1333  1.0729  1.1235  1.1182  1.0680
       M2  1.0923  1.1404  1.0849  1.1322  1.0926  1.1153

Computed predator payoff matrix:
Prey/Pred       D       N      P1      P2      M1      M2
        D  0.8242  0.8741  0.8686  0.8694  0.8644  0.8796
        N  0.8464  0.8305  0.8413  0.8342  0.8380  0.8378
       P1  0.8539  0.8294  0.8401  0.8331  0.8352  0.8389
       P2  0.8414  0.8298  0.8519  0.8315  0.8424  0.8455
       M1  0.8539  0.8294  0.8489  0.8338  0.8354  0.8506
       M2  0.8414  0.8295  0.8463  0.8312  0.8442  0.8363

Saved prey payoff matrix CSV to /home/tim/Documents/Spacial Modeling of Animal Displacment/script/reproduce_day_night/GameTheory/output/pop_int/T1_weight_sweep/weight_runs/w1_0p8__w2_0/payoff_matrix_prey.csv
Saved predator payoff matrix CSV to /home/tim/Documents/Spacial Modeling of Animal Displacment/script/reproduce_day_night/GameTheory/output/pop_int/T1_weight_sweep/weight_runs/w1_0p8__w2_0/payoff_matrix_predator.csv
Saved prey payoff heatmap to /home/tim/Documents/Spacial Modeling of Animal Displacment/script/reproduce_day_night/GameTheory/output/pop_int/T1_weight_sweep/weight_runs/w1_0p8__w2_0/payoff_matrix_prey.png
Saved predator payoff heatmap to /home/tim/Documents/Spacial Modeling of Animal Displacment/script/reproduce_day_night/GameTheory/output/pop_int/T1_weight_sweep/weight_runs/w1_0p8__w2_0/payoff_matrix_predator.png
Saved 36 population heatmap file(s) to /home/tim/Documents/Spacial Modeling of Animal Displacment/script/reproduce_day_night/GameTheory/output/pop_int/T1_weight_sweep/weight_runs/w1_0p8__w2_0/population_heatmaps
