Prey payoff matrix A:
[[1.1672 1.0517 1.0564 1.0645 1.0681 1.0383]
 [1.0439 1.1025 1.0639 1.0904 1.0804 1.0731]
 [1.0716 1.1543 1.1196 1.1438 1.136  1.1235]
 [1.0789 1.119  1.0507 1.114  1.0813 1.0679]
 [1.0588 1.1333 1.0729 1.1235 1.1182 1.068 ]
 [1.0923 1.1404 1.0849 1.1322 1.0926 1.1153]]

Predator payoff matrix B:
[[0.8242 0.8741 0.8686 0.8694 0.8644 0.8796]
 [0.8464 0.8305 0.8413 0.8342 0.838  0.8378]
 [0.8539 0.8294 0.8401 0.8331 0.8352 0.8389]
 [0.8414 0.8298 0.8519 0.8315 0.8424 0.8455]
 [0.8539 0.8294 0.8489 0.8338 0.8354 0.8506]
 [0.8414 0.8295 0.8463 0.8312 0.8442 0.8363]]

Prey strategies:
  1. D
  2. N
  3. P1
  4. P2
  5. M1
  6. M2

Predator strategies:
  1. D
  2. N
  3. P1
  4. P2
  5. M1
  6. M2

Found 1 Nash equilibrium result(s):
  Equilibrium 1:
    Algorithm: support_enumeration
    Prey mixed strategy: D=0.193323, P1=0.668238, M2=0.138439
    Predator mixed strategy: D=0.449277, P1=0.180052, M2=0.370671
    Expected payoffs: prey=1.099468, predator=0.846435

Saved combined strategy plot to /home/tim/Documents/Spacial Modeling of Animal Displacment/script/reproduce_day_night/GameTheory/output/pop_int/T1_weight_sweep/weight_runs/w1_0p8__w2_0/replicator_analysis/strategy_frequencies.png
