Resuming from 36 completed case(s) in /home/tim/Documents/Spacial Modeling of Animal Displacment/script/reproduce_day_night/GameTheory/output/pop_int/T1_weight_sweep/weight_runs/w1_0p5__w2_0p1/case_payoffs.csv

Computed prey payoff matrix:
Prey/Pred       D       N      P1      P2      M1      M2
        D  1.1027  1.1289  1.0902  1.1203  1.1003  1.1022
        N  1.0628  1.1081  1.0788  1.0973  1.0872  1.0878
       P1  1.0631  1.1533  1.1173  1.1385  1.1291  1.1179
       P2  1.0802  1.1249  1.0734  1.1118  1.0892  1.0794
       M1  1.0503  1.1384  1.0841  1.1183  1.1156  1.0799
       M2  1.0936  1.1393  1.0932  1.1258  1.0902  1.1134

Computed predator payoff matrix:
Prey/Pred       D       N      P1      P2      M1      M2
        D  0.8521  0.8441  0.8563  0.8476  0.8525  0.8547
        N  0.8396  0.8281  0.8359  0.8311  0.8349  0.8323
       P1  0.8571  0.8299  0.8410  0.8349  0.8374  0.8417
       P2  0.8409  0.8282  0.8441  0.8325  0.8393  0.8427
       M1  0.8571  0.8283  0.8461  0.8363  0.8363  0.8481
       M2  0.8408  0.8300  0.8431  0.8334  0.8444  0.8371

Saved prey payoff matrix CSV to /home/tim/Documents/Spacial Modeling of Animal Displacment/script/reproduce_day_night/GameTheory/output/pop_int/T1_weight_sweep/weight_runs/w1_0p5__w2_0p1/payoff_matrix_prey.csv
Saved predator payoff matrix CSV to /home/tim/Documents/Spacial Modeling of Animal Displacment/script/reproduce_day_night/GameTheory/output/pop_int/T1_weight_sweep/weight_runs/w1_0p5__w2_0p1/payoff_matrix_predator.csv
Saved prey payoff heatmap to /home/tim/Documents/Spacial Modeling of Animal Displacment/script/reproduce_day_night/GameTheory/output/pop_int/T1_weight_sweep/weight_runs/w1_0p5__w2_0p1/payoff_matrix_prey.png
Saved predator payoff heatmap to /home/tim/Documents/Spacial Modeling of Animal Displacment/script/reproduce_day_night/GameTheory/output/pop_int/T1_weight_sweep/weight_runs/w1_0p5__w2_0p1/payoff_matrix_predator.png
Saved 36 population heatmap file(s) to /home/tim/Documents/Spacial Modeling of Animal Displacment/script/reproduce_day_night/GameTheory/output/pop_int/T1_weight_sweep/weight_runs/w1_0p5__w2_0p1/population_heatmaps
