Prey payoff matrix A:
[[1.1027 1.1289 1.0902 1.1203 1.1003 1.1022]
 [1.0628 1.1081 1.0788 1.0973 1.0872 1.0878]
 [1.0631 1.1533 1.1173 1.1385 1.1291 1.1179]
 [1.0802 1.1249 1.0734 1.1118 1.0892 1.0794]
 [1.0503 1.1384 1.0841 1.1183 1.1156 1.0799]
 [1.0936 1.1393 1.0932 1.1258 1.0902 1.1134]]

Predator payoff matrix B:
[[0.8521 0.8441 0.8563 0.8476 0.8525 0.8547]
 [0.8396 0.8281 0.8359 0.8311 0.8349 0.8323]
 [0.8571 0.8299 0.841  0.8349 0.8374 0.8417]
 [0.8409 0.8282 0.8441 0.8325 0.8393 0.8427]
 [0.8571 0.8283 0.8461 0.8363 0.8363 0.8481]
 [0.8408 0.83   0.8431 0.8334 0.8444 0.8371]]

Prey strategies:
  1. D
  2. N
  3. P1
  4. P2
  5. M1
  6. M2

Predator strategies:
  1. D
  2. N
  3. P1
  4. P2
  5. M1
  6. M2

Found 1 Nash equilibrium result(s):
  Equilibrium 1:
    Algorithm: support_enumeration
    Prey mixed strategy: D=0.791206, P1=0.208794
    Predator mixed strategy: D=0.406378, P1=0.593622
    Expected payoffs: prey=1.095245, predator=0.853099

Saved combined strategy plot to /home/tim/Documents/Spacial Modeling of Animal Displacment/script/reproduce_day_night/GameTheory/output/pop_int/T1_weight_sweep/weight_runs/w1_0p5__w2_0p1/replicator_analysis/strategy_frequencies.png
