[1/4] Computing Spatially homogeneous...
  Solving 36 payoff case(s) with 4 worker(s).
  Finished case 1/36: prey=D, predator=D: prey=0.765889, predator=1.098270
  Finished case 2/36: prey=D, predator=P2: prey=0.809480, predator=1.079382
  Finished case 3/36: prey=D, predator=P1: prey=0.780963, predator=1.091574
  Finished case 4/36: prey=D, predator=N: prey=0.825219, predator=1.072371
  Finished case 5/36: prey=D, predator=M1: prey=0.795046, predator=1.084138
  Finished case 6/36: prey=N, predator=N: prey=0.805408, predator=1.067204
  Finished case 7/36: prey=D, predator=M2: prey=0.795310, predator=1.086865
  Finished case 8/36: prey=N, predator=D: prey=0.748011, predator=1.092785
  Finished case 9/36: prey=N, predator=P1: prey=0.762460, predator=1.086311
  Finished case 10/36: prey=N, predator=P2: prey=0.790321, predator=1.073981
  Finished case 11/36: prey=N, predator=M1: prey=0.775815, predator=1.081473
  Finished case 12/36: prey=N, predator=M2: prey=0.776888, predator=1.078860
  Finished case 13/36: prey=P1, predator=D: prey=0.761221, predator=1.096936
  Finished case 14/36: prey=P1, predator=P1: prey=0.776064, predator=1.090278
  Finished case 15/36: prey=P1, predator=N: prey=0.819976, predator=1.071011
  Finished case 16/36: prey=P1, predator=P2: prey=0.804480, predator=1.077980
  Finished case 17/36: prey=P1, predator=M2: prey=0.790570, predator=1.084161
  Finished case 18/36: prey=P1, predator=M1: prey=0.789890, predator=1.084140
  Finished case 19/36: prey=P2, predator=D: prey=0.752571, predator=1.094082
  Finished case 20/36: prey=P2, predator=N: prey=0.810529, predator=1.068526
  Finished case 21/36: prey=P2, predator=P2: prey=0.795206, predator=1.075343
  Finished case 22/36: prey=P2, predator=M1: prey=0.780846, predator=1.081470
  Finished case 23/36: prey=P2, predator=P1: prey=0.767246, predator=1.087571
  Finished case 24/36: prey=P2, predator=M2: prey=0.781524, predator=1.081486
  Finished case 25/36: prey=M1, predator=D: prey=0.756783, predator=1.096937
  Finished case 26/36: prey=M1, predator=N: prey=0.815550, predator=1.068533
  Finished case 27/36: prey=M1, predator=P1: prey=0.771735, predator=1.089050
  Finished case 28/36: prey=M1, predator=P2: prey=0.799925, predator=1.076788
  Finished case 29/36: prey=M1, predator=M1: prey=0.785356, predator=1.082944
  Finished case 30/36: prey=M2, predator=D: prey=0.757012, predator=1.094081
  Finished case 31/36: prey=M1, predator=M2: prey=0.786221, predator=1.082936
  Finished case 32/36: prey=M2, predator=N: prey=0.814956, predator=1.071003
  Finished case 33/36: prey=M2, predator=P1: prey=0.771577, predator=1.088798
  Finished case 34/36: prey=M2, predator=P2: prey=0.799763, predator=1.076534
  Finished case 35/36: prey=M2, predator=M2: prey=0.785875, predator=1.082709
  Finished case 36/36: prey=M2, predator=M1: prey=0.785382, predator=1.082665

Computed prey payoff matrix:
Prey/Pred       D       N      P1      P2      M1      M2
        D  0.7659  0.8252  0.7810  0.8095  0.7950  0.7953
        N  0.7480  0.8054  0.7625  0.7903  0.7758  0.7769
       P1  0.7612  0.8200  0.7761  0.8045  0.7899  0.7906
       P2  0.7526  0.8105  0.7672  0.7952  0.7808  0.7815
       M1  0.7568  0.8156  0.7717  0.7999  0.7854  0.7862
       M2  0.7570  0.8150  0.7716  0.7998  0.7854  0.7859

Computed predator payoff matrix:
Prey/Pred       D       N      P1      P2      M1      M2
        D  1.0983  1.0724  1.0916  1.0794  1.0841  1.0869
        N  1.0928  1.0672  1.0863  1.0740  1.0815  1.0789
       P1  1.0969  1.0710  1.0903  1.0780  1.0841  1.0842
       P2  1.0941  1.0685  1.0876  1.0753  1.0815  1.0815
       M1  1.0969  1.0685  1.0890  1.0768  1.0829  1.0829
       M2  1.0941  1.0710  1.0888  1.0765  1.0827  1.0827

Saved prey payoff matrix CSV to /home/tim/Documents/Spatial-modelling-of-animal-movements/script/reproduce_day_night/output/figure_runs/ma_campagne/runs/game_theory/initial_condition_payoff_matrices/homogeneous/payoff_matrix_prey.csv
Saved predator payoff matrix CSV to /home/tim/Documents/Spatial-modelling-of-animal-movements/script/reproduce_day_night/output/figure_runs/ma_campagne/runs/game_theory/initial_condition_payoff_matrices/homogeneous/payoff_matrix_predator.csv
Saved prey payoff heatmap to /home/tim/Documents/Spatial-modelling-of-animal-movements/script/reproduce_day_night/output/figure_runs/ma_campagne/runs/game_theory/initial_condition_payoff_matrices/homogeneous/payoff_matrix_prey.png
Saved predator payoff heatmap to /home/tim/Documents/Spatial-modelling-of-animal-movements/script/reproduce_day_night/output/figure_runs/ma_campagne/runs/game_theory/initial_condition_payoff_matrices/homogeneous/payoff_matrix_predator.png
Skipped population heatmap export.
[2/4] Computing Perturbed homogeneous...
  Solving 36 payoff case(s) with 4 worker(s).
  Finished case 1/36: prey=D, predator=D: prey=0.765922, predator=1.098259
  Finished case 2/36: prey=D, predator=P2: prey=0.802724, predator=1.083051
  Finished case 3/36: prey=D, predator=P1: prey=0.780245, predator=1.091985
  Finished case 4/36: prey=D, predator=N: prey=0.795197, predator=1.088375
  Finished case 5/36: prey=D, predator=M1: prey=0.794629, predator=1.084368
  Finished case 6/36: prey=D, predator=M2: prey=0.786324, predator=1.091806
  Finished case 7/36: prey=N, predator=N: prey=0.805420, predator=1.067198
  Finished case 8/36: prey=N, predator=D: prey=0.659671, predator=1.141958
  Finished case 9/36: prey=N, predator=P1: prey=0.762462, predator=1.086309
  Finished case 10/36: prey=N, predator=P2: prey=0.790340, predator=1.073969
  Finished case 11/36: prey=N, predator=M1: prey=0.775775, predator=1.081493
  Finished case 12/36: prey=N, predator=M2: prey=0.776887, predator=1.078861
  Finished case 13/36: prey=P1, predator=P1: prey=0.776119, predator=1.090246
  Finished case 14/36: prey=P1, predator=D: prey=0.762724, predator=1.095825
  Finished case 15/36: prey=P1, predator=N: prey=0.819809, predator=1.071086
  Finished case 16/36: prey=P1, predator=P2: prey=0.792729, predator=1.084433
  Finished case 17/36: prey=P1, predator=M1: prey=0.789960, predator=1.084098
  Finished case 18/36: prey=P1, predator=M2: prey=0.780423, predator=1.089676
  Finished case 19/36: prey=P2, predator=D: prey=0.752399, predator=1.094172
  Finished case 20/36: prey=P2, predator=N: prey=0.810355, predator=1.068609
  Finished case 21/36: prey=P2, predator=P2: prey=0.795241, predator=1.075322
  Finished case 22/36: prey=P2, predator=M1: prey=0.779565, predator=1.082176
  Finished case 23/36: prey=P2, predator=P1: prey=0.753540, predator=1.094952
  Finished case 24/36: prey=P2, predator=M2: prey=0.781482, predator=1.081498
  Finished case 25/36: prey=M1, predator=D: prey=0.758043, predator=1.095966
  Finished case 26/36: prey=M1, predator=N: prey=0.815363, predator=1.068623
  Finished case 27/36: prey=M1, predator=P1: prey=0.771716, predator=1.089049
  Finished case 28/36: prey=M1, predator=P2: prey=0.790409, predator=1.081997
  Finished case 29/36: prey=M1, predator=M1: prey=0.785372, predator=1.082936
  Finished case 30/36: prey=M2, predator=D: prey=0.756808, predator=1.094187
  Finished case 31/36: prey=M1, predator=M2: prey=0.731064, predator=1.113989
  Finished case 32/36: prey=M2, predator=N: prey=0.814801, predator=1.071073
  Finished case 33/36: prey=M2, predator=P1: prey=0.771709, predator=1.088672
  Finished case 34/36: prey=M2, predator=P2: prey=0.799885, predator=1.076462
  Finished case 35/36: prey=M2, predator=M2: prey=0.785947, predator=1.082667
  Finished case 36/36: prey=M2, predator=M1: prey=0.704542, predator=1.127242

Computed prey payoff matrix:
Prey/Pred       D       N      P1      P2      M1      M2
        D  0.7659  0.7952  0.7802  0.8027  0.7946  0.7863
        N  0.6597  0.8054  0.7625  0.7903  0.7758  0.7769
       P1  0.7627  0.8198  0.7761  0.7927  0.7900  0.7804
       P2  0.7524  0.8104  0.7535  0.7952  0.7796  0.7815
       M1  0.7580  0.8154  0.7717  0.7904  0.7854  0.7311
       M2  0.7568  0.8148  0.7717  0.7999  0.7045  0.7859

Computed predator payoff matrix:
Prey/Pred       D       N      P1      P2      M1      M2
        D  1.0983  1.0884  1.0920  1.0831  1.0844  1.0918
        N  1.1420  1.0672  1.0863  1.0740  1.0815  1.0789
       P1  1.0958  1.0711  1.0902  1.0844  1.0841  1.0897
       P2  1.0942  1.0686  1.0950  1.0753  1.0822  1.0815
       M1  1.0960  1.0686  1.0890  1.0820  1.0829  1.1140
       M2  1.0942  1.0711  1.0887  1.0765  1.1272  1.0827

Saved prey payoff matrix CSV to /home/tim/Documents/Spatial-modelling-of-animal-movements/script/reproduce_day_night/output/figure_runs/ma_campagne/runs/game_theory/initial_condition_payoff_matrices/perturbed-homogeneous/payoff_matrix_prey.csv
Saved predator payoff matrix CSV to /home/tim/Documents/Spatial-modelling-of-animal-movements/script/reproduce_day_night/output/figure_runs/ma_campagne/runs/game_theory/initial_condition_payoff_matrices/perturbed-homogeneous/payoff_matrix_predator.csv
Saved prey payoff heatmap to /home/tim/Documents/Spatial-modelling-of-animal-movements/script/reproduce_day_night/output/figure_runs/ma_campagne/runs/game_theory/initial_condition_payoff_matrices/perturbed-homogeneous/payoff_matrix_prey.png
Saved predator payoff heatmap to /home/tim/Documents/Spatial-modelling-of-animal-movements/script/reproduce_day_night/output/figure_runs/ma_campagne/runs/game_theory/initial_condition_payoff_matrices/perturbed-homogeneous/payoff_matrix_predator.png
Skipped population heatmap export.
[3/4] Computing Overlapping Gaussian pulses...
  Solving 36 payoff case(s) with 4 worker(s).
  Finished case 1/36: prey=D, predator=D: prey=0.768590, predator=1.096747
  Finished case 2/36: prey=D, predator=P1: prey=0.691802, predator=1.135329
  Finished case 3/36: prey=D, predator=P2: prey=0.823021, predator=1.073255
  Finished case 4/36: prey=D, predator=N: prey=0.578530, predator=1.205968
  Finished case 5/36: prey=D, predator=M1: prey=0.702933, predator=1.130119
  Finished case 6/36: prey=N, predator=N: prey=0.803627, predator=1.068012
  Finished case 7/36: prey=D, predator=M2: prey=0.806621, predator=1.082077
  Finished case 8/36: prey=N, predator=D: prey=0.815801, predator=1.042835
  Finished case 9/36: prey=N, predator=P1: prey=0.767374, predator=1.076983
  Finished case 10/36: prey=N, predator=P2: prey=0.832384, predator=1.045136
  Finished case 11/36: prey=N, predator=M1: prey=0.820555, predator=1.050742
  Finished case 12/36: prey=N, predator=M2: prey=0.778206, predator=1.071944
  Finished case 13/36: prey=P1, predator=P1: prey=0.772135, predator=1.092045
  Finished case 14/36: prey=P1, predator=D: prey=0.699942, predator=1.124863
  Finished case 15/36: prey=P1, predator=N: prey=0.844485, predator=1.060292
  Finished case 16/36: prey=P1, predator=P2: prey=0.716996, predator=1.123867
  Finished case 17/36: prey=P1, predator=M2: prey=0.641568, predator=1.162921
  Finished case 18/36: prey=P1, predator=M1: prey=0.754740, predator=1.101910
  Finished case 19/36: prey=P2, predator=D: prey=0.892753, predator=1.013077
  Finished case 20/36: prey=P2, predator=N: prey=0.774647, predator=1.088577
  Finished case 21/36: prey=P2, predator=P2: prey=0.789671, predator=1.077962
  Finished case 22/36: prey=P2, predator=M1: prey=0.852277, predator=1.035962
  Finished case 23/36: prey=P2, predator=P1: prey=0.828115, predator=1.048803
  Finished case 24/36: prey=P2, predator=M2: prey=0.721426, predator=1.110782
  Finished case 25/36: prey=M1, predator=D: prey=0.695822, predator=1.124887
  Finished case 26/36: prey=M1, predator=N: prey=0.781105, predator=1.087769
  Finished case 27/36: prey=M1, predator=P1: prey=0.716784, predator=1.115497
  Finished case 28/36: prey=M1, predator=P2: prey=0.649021, predator=1.157264
  Finished case 29/36: prey=M1, predator=M1: prey=0.780572, predator=1.085247
  Finished case 30/36: prey=M2, predator=D: prey=0.898157, predator=1.013072
  Finished case 31/36: prey=M1, predator=M2: prey=0.534104, predator=1.214529
  Finished case 32/36: prey=M2, predator=N: prey=0.838670, predator=1.060608
  Finished case 33/36: prey=M2, predator=P1: prey=0.850900, predator=1.039690
  Finished case 34/36: prey=M2, predator=P2: prey=0.761352, predator=1.096083
  Finished case 35/36: prey=M2, predator=M2: prey=0.781283, predator=1.084731
  Finished case 36/36: prey=M2, predator=M1: prey=0.856063, predator=1.037087

Computed prey payoff matrix:
Prey/Pred       D       N      P1      P2      M1      M2
        D  0.7686  0.5785  0.6918  0.8230  0.7029  0.8066
        N  0.8158  0.8036  0.7674  0.8324  0.8206  0.7782
       P1  0.6999  0.8445  0.7721  0.7170  0.7547  0.6416
       P2  0.8928  0.7746  0.8281  0.7897  0.8523  0.7214
       M1  0.6958  0.7811  0.7168  0.6490  0.7806  0.5341
       M2  0.8982  0.8387  0.8509  0.7614  0.8561  0.7813

Computed predator payoff matrix:
Prey/Pred       D       N      P1      P2      M1      M2
        D  1.0967  1.2060  1.1353  1.0733  1.1301  1.0821
        N  1.0428  1.0680  1.0770  1.0451  1.0507  1.0719
       P1  1.1249  1.0603  1.0920  1.1239  1.1019  1.1629
       P2  1.0131  1.0886  1.0488  1.0780  1.0360  1.1108
       M1  1.1249  1.0878  1.1155  1.1573  1.0852  1.2145
       M2  1.0131  1.0606  1.0397  1.0961  1.0371  1.0847

Saved prey payoff matrix CSV to /home/tim/Documents/Spatial-modelling-of-animal-movements/script/reproduce_day_night/output/figure_runs/ma_campagne/runs/game_theory/initial_condition_payoff_matrices/overlapping-gaussian/payoff_matrix_prey.csv
Saved predator payoff matrix CSV to /home/tim/Documents/Spatial-modelling-of-animal-movements/script/reproduce_day_night/output/figure_runs/ma_campagne/runs/game_theory/initial_condition_payoff_matrices/overlapping-gaussian/payoff_matrix_predator.csv
Saved prey payoff heatmap to /home/tim/Documents/Spatial-modelling-of-animal-movements/script/reproduce_day_night/output/figure_runs/ma_campagne/runs/game_theory/initial_condition_payoff_matrices/overlapping-gaussian/payoff_matrix_prey.png
Saved predator payoff heatmap to /home/tim/Documents/Spatial-modelling-of-animal-movements/script/reproduce_day_night/output/figure_runs/ma_campagne/runs/game_theory/initial_condition_payoff_matrices/overlapping-gaussian/payoff_matrix_predator.png
Skipped population heatmap export.
[4/4] Computing Disjoint Gaussian pulses...
  Solving 36 payoff case(s) with 4 worker(s).
  Finished case 1/36: prey=D, predator=D: prey=0.878809, predator=1.039939
  Finished case 2/36: prey=D, predator=P1: prey=0.847328, predator=1.059682
  Finished case 3/36: prey=D, predator=P2: prey=0.872552, predator=1.048683
  Finished case 4/36: prey=D, predator=N: prey=0.609490, predator=1.190889
  Finished case 5/36: prey=D, predator=M1: prey=0.861070, predator=1.052217
  Finished case 6/36: prey=D, predator=M2: prey=0.858162, predator=1.056442
  Finished case 7/36: prey=N, predator=N: prey=0.869191, predator=1.037110
  Finished case 8/36: prey=N, predator=D: prey=0.824513, predator=1.057069
  Finished case 9/36: prey=N, predator=P1: prey=0.831535, predator=1.055222
  Finished case 10/36: prey=N, predator=M1: prey=0.864611, predator=1.039115
  Finished case 11/36: prey=N, predator=P2: prey=0.880402, predator=1.030477
  Finished case 12/36: prey=N, predator=M2: prey=0.844482, predator=1.048201
  Finished case 13/36: prey=P1, predator=D: prey=0.887567, predator=1.032163
  Finished case 14/36: prey=P1, predator=P1: prey=0.869246, predator=1.045325
  Finished case 15/36: prey=P1, predator=N: prey=0.869732, predator=1.048644
  Finished case 16/36: prey=P1, predator=P2: prey=0.857374, predator=1.053513
  Finished case 17/36: prey=P1, predator=M1: prey=0.892907, predator=1.033795
  Finished case 18/36: prey=P1, predator=M2: prey=0.832157, predator=1.065799
  Finished case 19/36: prey=P2, predator=D: prey=0.866877, predator=1.039269
  Finished case 20/36: prey=P2, predator=N: prey=0.793052, predator=1.082257
  Finished case 21/36: prey=P2, predator=P2: prey=0.883135, predator=1.032111
  Finished case 22/36: prey=P2, predator=P1: prey=0.823456, predator=1.062506
  Finished case 23/36: prey=P2, predator=M1: prey=0.875993, predator=1.035893
  Finished case 24/36: prey=P2, predator=M2: prey=0.858377, predator=1.043645
  Finished case 25/36: prey=M1, predator=D: prey=0.882060, predator=1.032312
  Finished case 26/36: prey=M1, predator=N: prey=0.797989, predator=1.082294
  Finished case 27/36: prey=M1, predator=P1: prey=0.853534, predator=1.049124
  Finished case 28/36: prey=M1, predator=P2: prey=0.838437, predator=1.059760
  Finished case 29/36: prey=M1, predator=M1: prey=0.877113, predator=1.038215
  Finished case 30/36: prey=M2, predator=D: prey=0.872155, predator=1.039195
  Finished case 31/36: prey=M1, predator=M2: prey=0.692628, predator=1.138432
  Finished case 32/36: prey=M2, predator=P1: prey=0.871719, predator=1.041053
  Finished case 33/36: prey=M2, predator=N: prey=0.864354, predator=1.048663
  Finished case 34/36: prey=M2, predator=P2: prey=0.900384, predator=1.026843
  Finished case 35/36: prey=M2, predator=M2: prey=0.874984, predator=1.039373
  Finished case 36/36: prey=M2, predator=M1: prey=0.775686, predator=1.094883

Computed prey payoff matrix:
Prey/Pred       D       N      P1      P2      M1      M2
        D  0.8788  0.6095  0.8473  0.8726  0.8611  0.8582
        N  0.8245  0.8692  0.8315  0.8804  0.8646  0.8445
       P1  0.8876  0.8697  0.8692  0.8574  0.8929  0.8322
       P2  0.8669  0.7931  0.8235  0.8831  0.8760  0.8584
       M1  0.8821  0.7980  0.8535  0.8384  0.8771  0.6926
       M2  0.8722  0.8644  0.8717  0.9004  0.7757  0.8750

Computed predator payoff matrix:
Prey/Pred       D       N      P1      P2      M1      M2
        D  1.0399  1.1909  1.0597  1.0487  1.0522  1.0564
        N  1.0571  1.0371  1.0552  1.0305  1.0391  1.0482
       P1  1.0322  1.0486  1.0453  1.0535  1.0338  1.0658
       P2  1.0393  1.0823  1.0625  1.0321  1.0359  1.0436
       M1  1.0323  1.0823  1.0491  1.0598  1.0382  1.1384
       M2  1.0392  1.0487  1.0411  1.0268  1.0949  1.0394

Saved prey payoff matrix CSV to /home/tim/Documents/Spatial-modelling-of-animal-movements/script/reproduce_day_night/output/figure_runs/ma_campagne/runs/game_theory/initial_condition_payoff_matrices/disjoint-gaussian/payoff_matrix_prey.csv
Saved predator payoff matrix CSV to /home/tim/Documents/Spatial-modelling-of-animal-movements/script/reproduce_day_night/output/figure_runs/ma_campagne/runs/game_theory/initial_condition_payoff_matrices/disjoint-gaussian/payoff_matrix_predator.csv
Saved prey payoff heatmap to /home/tim/Documents/Spatial-modelling-of-animal-movements/script/reproduce_day_night/output/figure_runs/ma_campagne/runs/game_theory/initial_condition_payoff_matrices/disjoint-gaussian/payoff_matrix_prey.png
Saved predator payoff heatmap to /home/tim/Documents/Spatial-modelling-of-animal-movements/script/reproduce_day_night/output/figure_runs/ma_campagne/runs/game_theory/initial_condition_payoff_matrices/disjoint-gaussian/payoff_matrix_predator.png
Skipped population heatmap export.
Saved comparison figure to /home/tim/Documents/Spatial-modelling-of-animal-movements/script/reproduce_day_night/output/figure_runs/ma_campagne/figures/game_theory/payoff_initial_condition_comparison.png
