Finished Diurnal, t_sunset=0.5, w=0.1
Finished Diurnal, t_sunset=0.5, w=0
Finished Diurnal, t_sunset=0.5, w=0.2
Finished Diurnal, t_sunset=0.5, w=0.3
Finished Diurnal, t_sunset=0.5, w=0.4
Finished Diurnal, t_sunset=0.5, w=0.7
Finished Diurnal, t_sunset=0.5, w=0.5
Finished Diurnal, t_sunset=0.5, w=0.6
Finished Diurnal, t_sunset=0.5, w=0.8
Finished Diurnal, t_sunset=0.5, w=0.9
Finished Diurnal, t_sunset=0.5, w=1
Finished Nocturnal, t_sunset=0.5, w=0
Finished Nocturnal, t_sunset=0.5, w=0.1
Finished Nocturnal, t_sunset=0.5, w=0.3
Finished Nocturnal, t_sunset=0.5, w=0.2
Finished Nocturnal, t_sunset=0.5, w=0.4
Finished Nocturnal, t_sunset=0.5, w=0.5
Finished Nocturnal, t_sunset=0.5, w=0.7
Finished Nocturnal, t_sunset=0.5, w=0.6
Finished Nocturnal, t_sunset=0.5, w=0.8
Finished Nocturnal, t_sunset=0.5, w=1
Finished Nocturnal, t_sunset=0.5, w=0.9
Saved spread plot to /home/tim/Documents/Spatial-modelling-of-animal-movements/script/reproduce_day_night/output/figure_runs/20260726_213603/figures/basic_simulation/spread_diurnal_vs_nocturnal.png
