Predator payoff matrix A:
[[0.8844 0.7681 0.9157 0.8538 0.901  0.8734]
 [0.8819 0.9736 0.9293 0.9264 0.9359 0.9169]
 [0.9399 0.9058 0.9305 0.8958 0.9246 0.8988]
 [0.9021 0.9211 0.9014 0.9291 0.8996 0.9331]
 [0.9463 0.8848 0.9243 0.8886 0.9204 0.8767]
 [0.9005 0.9355 0.9167 0.9328 0.9172 0.9386]]

Prey strategies:
  1. D
  2. N
  3. P1
  4. P2
  5. M1
  6. M2

Predator strategies:
  1. D
  2. N
  3. P1
  4. P2
  5. M1
  6. M2

Found 1 Nash equilibrium result(s):
  Equilibrium 1:
    Algorithm: support_enumeration
    Prey mixed strategy: D=0.427422, P2=0.572578
    Predator mixed strategy: P1=0.806901, M2=0.193099
    Expected payoffs: prey=-0.907553, predator=0.907553

Saved prey strategy plot to /home/tim/Documents/Spacial Modeling of Animal Displacment/classicRun/replicator_analysis/prey_strategy_frequencies.png
Saved predator strategy plot to /home/tim/Documents/Spacial Modeling of Animal Displacment/classicRun/replicator_analysis/predator_strategy_frequencies.png
