Resuming from 36 completed case(s) in /home/tim/Documents/Spacial Modeling of Animal Displacment/script/reproduce_day_night/GameTheory/output/pop_int/T1_weight_sweep/weight_runs/w1_0p8__w2_1/case_payoffs.csv

Computed prey payoff matrix:
Prey/Pred       D       N      P1      P2      M1      M2
        D  1.1145  1.2738  1.1671  1.1243  1.1735  1.1119
        N  1.1063  1.1728  1.1099  1.1341  1.1246  1.1193
       P1  1.1306  1.2428  1.1435  0.9885  1.1589  0.9558
       P2  1.1185  1.2230  1.1562  1.1360  1.1591  1.1212
       M1  1.1171  1.2379  1.1258  0.9581  1.1404  0.9311
       M2  1.1324  1.2281  1.1640  1.1546  1.1665  1.1391

Computed predator payoff matrix:
Prey/Pred       D       N      P1      P2      M1      M2
        D  0.8470  0.7917  0.8289  0.8511  0.8262  0.8563
        N  0.8245  0.8041  0.8280  0.8195  0.8236  0.8239
       P1  0.8349  0.7963  0.8331  0.8995  0.8279  0.9118
       P2  0.8301  0.7913  0.8158  0.8249  0.8152  0.8299
       M1  0.8349  0.7913  0.8336  0.9061  0.8287  0.9156
       M2  0.8300  0.7963  0.8192  0.8240  0.8189  0.8294

Saved prey payoff matrix CSV to /home/tim/Documents/Spacial Modeling of Animal Displacment/script/reproduce_day_night/GameTheory/output/pop_int/T1_weight_sweep/weight_runs/w1_0p8__w2_1/payoff_matrix_prey.csv
Saved predator payoff matrix CSV to /home/tim/Documents/Spacial Modeling of Animal Displacment/script/reproduce_day_night/GameTheory/output/pop_int/T1_weight_sweep/weight_runs/w1_0p8__w2_1/payoff_matrix_predator.csv
Saved prey payoff heatmap to /home/tim/Documents/Spacial Modeling of Animal Displacment/script/reproduce_day_night/GameTheory/output/pop_int/T1_weight_sweep/weight_runs/w1_0p8__w2_1/payoff_matrix_prey.png
Saved predator payoff heatmap to /home/tim/Documents/Spacial Modeling of Animal Displacment/script/reproduce_day_night/GameTheory/output/pop_int/T1_weight_sweep/weight_runs/w1_0p8__w2_1/payoff_matrix_predator.png
Saved 36 population heatmap file(s) to /home/tim/Documents/Spacial Modeling of Animal Displacment/script/reproduce_day_night/GameTheory/output/pop_int/T1_weight_sweep/weight_runs/w1_0p8__w2_1/population_heatmaps
