Prey payoff matrix A:
[[1.1145 1.2738 1.1671 1.1243 1.1735 1.1119]
 [1.1063 1.1728 1.1099 1.1341 1.1246 1.1193]
 [1.1306 1.2428 1.1435 0.9885 1.1589 0.9558]
 [1.1185 1.223  1.1562 1.136  1.1591 1.1212]
 [1.1171 1.2379 1.1258 0.9581 1.1404 0.9311]
 [1.1324 1.2281 1.164  1.1546 1.1665 1.1391]]

Predator payoff matrix B:
[[0.847  0.7917 0.8289 0.8511 0.8262 0.8563]
 [0.8245 0.8041 0.828  0.8195 0.8236 0.8239]
 [0.8349 0.7963 0.8331 0.8995 0.8279 0.9118]
 [0.8301 0.7913 0.8158 0.8249 0.8152 0.8299]
 [0.8349 0.7913 0.8336 0.9061 0.8287 0.9156]
 [0.83   0.7963 0.8192 0.824  0.8189 0.8294]]

Prey strategies:
  1. D
  2. N
  3. P1
  4. P2
  5. M1
  6. M2

Predator strategies:
  1. D
  2. N
  3. P1
  4. P2
  5. M1
  6. M2

Found 1 Nash equilibrium result(s):
  Equilibrium 1:
    Algorithm: support_enumeration
    Prey mixed strategy: M2=1.000000
    Predator mixed strategy: D=1.000000
    Expected payoffs: prey=1.132441, predator=0.829983

Saved combined strategy plot to /home/tim/Documents/Spacial Modeling of Animal Displacment/script/reproduce_day_night/GameTheory/output/pop_int/T1_weight_sweep/weight_runs/w1_0p8__w2_1/replicator_analysis/strategy_frequencies.png
