  Solving 36 payoff case(s) with 16 worker(s).
  Finished case 1/36: prey=D, predator=D: E=0.884415
  Finished case 2/36: prey=N, predator=N: E=0.973642
  Finished case 3/36: prey=P1, predator=P1: E=0.930452
  Finished case 4/36: prey=D, predator=M2: E=0.873350
  Finished case 5/36: prey=D, predator=M1: E=0.900950
  Finished case 6/36: prey=N, predator=M2: E=0.916950
  Finished case 7/36: prey=N, predator=M1: E=0.935893
  Finished case 8/36: prey=D, predator=P2: E=0.853756
  Finished case 9/36: prey=D, predator=P1: E=0.915738
  Finished case 10/36: prey=P1, predator=N: E=0.905785
  Finished case 11/36: prey=N, predator=P1: E=0.929301
  Finished case 12/36: prey=N, predator=P2: E=0.926417
  Finished case 13/36: prey=P1, predator=D: E=0.939884
  Finished case 14/36: prey=D, predator=N: E=0.768101
  Finished case 15/36: prey=N, predator=D: E=0.881868
  Finished case 16/36: prey=P1, predator=P2: E=0.895820
  Finished case 17/36: prey=P1, predator=M2: E=0.898821
  Finished case 18/36: prey=P1, predator=M1: E=0.924604
  Finished case 19/36: prey=P2, predator=P2: E=0.929102
  Finished case 20/36: prey=M1, predator=M1: E=0.920431
  Finished case 21/36: prey=P2, predator=D: E=0.902096
  Finished case 22/36: prey=P2, predator=N: E=0.921079
  Finished case 23/36: prey=M1, predator=D: E=0.946318
  Finished case 24/36: prey=P2, predator=M2: E=0.933086
  Finished case 25/36: prey=M1, predator=N: E=0.884755
  Finished case 26/36: prey=M1, predator=P1: E=0.924336
  Finished case 27/36: prey=M1, predator=P2: E=0.888560
  Finished case 28/36: prey=M2, predator=D: E=0.900489
  Finished case 29/36: prey=P2, predator=M1: E=0.899584
  Finished case 30/36: prey=P2, predator=P1: E=0.901443
  Finished case 31/36: prey=M2, predator=N: E=0.935513
  Finished case 32/36: prey=M1, predator=M2: E=0.876650
  Finished case 33/36: prey=M2, predator=M2: E=0.938584
  Finished case 34/36: prey=M2, predator=P1: E=0.916673
  Finished case 35/36: prey=M2, predator=P2: E=0.932813
  Finished case 36/36: prey=M2, predator=M1: E=0.917194

Computed payoff matrix:
Prey/Pred       D       N      P1      P2      M1      M2
        D  0.8844  0.7681  0.9157  0.8538  0.9010  0.8734
        N  0.8819  0.9736  0.9293  0.9264  0.9359  0.9169
       P1  0.9399  0.9058  0.9305  0.8958  0.9246  0.8988
       P2  0.9021  0.9211  0.9014  0.9291  0.8996  0.9331
       M1  0.9463  0.8848  0.9243  0.8886  0.9204  0.8767
       M2  0.9005  0.9355  0.9167  0.9328  0.9172  0.9386

Saved payoff matrix CSV to /home/tim/Documents/Spacial Modeling of Animal Displacment/script/reproduce_day_night/output/classicRun/payoff_matrix.csv
Saved payoff matrix heatmap to /home/tim/Documents/Spacial Modeling of Animal Displacment/script/reproduce_day_night/output/classicRun/payoff_matrix.png
Saved 36 population heatmap file(s) to /home/tim/Documents/Spacial Modeling of Animal Displacment/script/reproduce_day_night/output/classicRun/population_heatmaps
