Resuming from 36 completed case(s) in /home/tim/Documents/Spacial Modeling of Animal Displacment/script/reproduce_day_night/GameTheory/output/pop_int/T1_weight_sweep/weight_runs/w1_0p5__w2_0p5/case_payoffs.csv

Computed prey payoff matrix:
Prey/Pred       D       N      P1      P2      M1      M2
        D  1.1067  1.0892  1.1407  1.1233  1.1508  1.1095
        N  1.0689  1.1202  1.0770  1.1056  1.0960  1.0859
       P1  1.0574  1.1463  1.1266  1.0596  1.1408  1.0341
       P2  1.0847  1.1125  1.1074  1.1196  1.1155  1.1031
       M1  1.0448  1.1264  1.1076  1.0344  1.1236  1.0116
       M2  1.0981  1.1324  1.1200  1.1371  1.1235  1.1225

Computed predator payoff matrix:
Prey/Pred       D       N      P1      P2      M1      M2
        D  0.8503  0.8657  0.8386  0.8491  0.8343  0.8547
        N  0.8374  0.8254  0.8378  0.8287  0.8324  0.8343
       P1  0.8599  0.8347  0.8380  0.8665  0.8335  0.8751
       P2  0.8393  0.8351  0.8328  0.8300  0.8301  0.8352
       M1  0.8598  0.8349  0.8387  0.8704  0.8338  0.8774
       M2  0.8393  0.8348  0.8340  0.8296  0.8328  0.8343

Saved prey payoff matrix CSV to /home/tim/Documents/Spacial Modeling of Animal Displacment/script/reproduce_day_night/GameTheory/output/pop_int/T1_weight_sweep/weight_runs/w1_0p5__w2_0p5/payoff_matrix_prey.csv
Saved predator payoff matrix CSV to /home/tim/Documents/Spacial Modeling of Animal Displacment/script/reproduce_day_night/GameTheory/output/pop_int/T1_weight_sweep/weight_runs/w1_0p5__w2_0p5/payoff_matrix_predator.csv
Saved prey payoff heatmap to /home/tim/Documents/Spacial Modeling of Animal Displacment/script/reproduce_day_night/GameTheory/output/pop_int/T1_weight_sweep/weight_runs/w1_0p5__w2_0p5/payoff_matrix_prey.png
Saved predator payoff heatmap to /home/tim/Documents/Spacial Modeling of Animal Displacment/script/reproduce_day_night/GameTheory/output/pop_int/T1_weight_sweep/weight_runs/w1_0p5__w2_0p5/payoff_matrix_predator.png
Saved 36 population heatmap file(s) to /home/tim/Documents/Spacial Modeling of Animal Displacment/script/reproduce_day_night/GameTheory/output/pop_int/T1_weight_sweep/weight_runs/w1_0p5__w2_0p5/population_heatmaps
