Existing case data in /home/tim/Documents/Spacial Modeling of Animal Displacment/script/reproduce_day_night/output/figure_runs/ma_campagne/runs/game_theory/payoff_pipeline was generated with a different configuration; restarting this folder from scratch.
  Solving 36 payoff case(s) with 16 worker(s).
  Finished case 1/36: prey=D, predator=D: E=0.888368
  Finished case 2/36: prey=N, predator=N: E=0.970486
  Finished case 3/36: prey=P1, predator=P1: E=0.924299
  Finished case 4/36: prey=N, predator=P2: E=0.911723
  Finished case 5/36: prey=N, predator=P1: E=0.908628
  Finished case 6/36: prey=N, predator=M2: E=0.896461
  Finished case 7/36: prey=D, predator=M1: E=0.908737
  Finished case 8/36: prey=P1, predator=D: E=0.907552
  Finished case 9/36: prey=D, predator=M2: E=0.862141
  Finished case 10/36: prey=D, predator=P2: E=0.846146
  Finished case 11/36: prey=D, predator=P1: E=0.920178
  Finished case 12/36: prey=P1, predator=N: E=0.899968
  Finished case 13/36: prey=N, predator=M1: E=0.922596
  Finished case 14/36: prey=D, predator=N: E=0.757569
  Finished case 15/36: prey=N, predator=D: E=0.833204
  Finished case 16/36: prey=P1, predator=P2: E=0.861673
  Finished case 17/36: prey=P2, predator=D: E=0.857329
  Finished case 18/36: prey=P2, predator=P2: E=0.920758
  Finished case 19/36: prey=P1, predator=M2: E=0.855097
  Finished case 20/36: prey=P1, predator=M1: E=0.921710
  Finished case 21/36: prey=M1, predator=M1: E=0.914628
  Finished case 22/36: prey=P2, predator=N: E=0.912965
  Finished case 23/36: prey=P2, predator=M2: E=0.922503
  Finished case 24/36: prey=M1, predator=D: E=0.908938
  Finished case 25/36: prey=M1, predator=N: E=0.879304
  Finished case 26/36: prey=M1, predator=P2: E=0.837496
  Finished case 27/36: prey=P2, predator=M1: E=0.888942
  Finished case 28/36: prey=M1, predator=P1: E=0.915381
  Finished case 29/36: prey=M2, predator=N: E=0.926887
  Finished case 30/36: prey=P2, predator=P1: E=0.890316
  Finished case 31/36: prey=M2, predator=D: E=0.858726
  Finished case 32/36: prey=M1, predator=M2: E=0.818636
  Finished case 33/36: prey=M2, predator=M2: E=0.930215
  Finished case 34/36: prey=M2, predator=P1: E=0.904656
  Finished case 35/36: prey=M2, predator=P2: E=0.927047
  Finished case 36/36: prey=M2, predator=M1: E=0.902325

Computed payoff matrix:
Prey/Pred       D       N      P1      P2      M1      M2
        D  0.8884  0.7576  0.9202  0.8461  0.9087  0.8621
        N  0.8332  0.9705  0.9086  0.9117  0.9226  0.8965
       P1  0.9076  0.9000  0.9243  0.8617  0.9217  0.8551
       P2  0.8573  0.9130  0.8903  0.9208  0.8889  0.9225
       M1  0.9089  0.8793  0.9154  0.8375  0.9146  0.8186
       M2  0.8587  0.9269  0.9047  0.9270  0.9023  0.9302

Saved payoff matrix CSV to /home/tim/Documents/Spacial Modeling of Animal Displacment/script/reproduce_day_night/output/figure_runs/ma_campagne/runs/game_theory/payoff_pipeline/payoff_matrix.csv
Saved payoff matrix heatmap to /home/tim/Documents/Spacial Modeling of Animal Displacment/script/reproduce_day_night/output/figure_runs/ma_campagne/runs/game_theory/payoff_pipeline/payoff_matrix.png
Saved 36 population heatmap file(s) to /home/tim/Documents/Spacial Modeling of Animal Displacment/script/reproduce_day_night/output/figure_runs/ma_campagne/runs/game_theory/payoff_pipeline/population_heatmaps
