Predator payoff matrix A:
[[0.8884 0.7576 0.9202 0.8461 0.9087 0.8621]
 [0.8332 0.9705 0.9086 0.9117 0.9226 0.8965]
 [0.9076 0.9    0.9243 0.8617 0.9217 0.8551]
 [0.8573 0.913  0.8903 0.9208 0.8889 0.9225]
 [0.9089 0.8793 0.9154 0.8375 0.9146 0.8186]
 [0.8587 0.9269 0.9047 0.927  0.9023 0.9302]]

Prey strategies:
  1. D
  2. N
  3. P1
  4. P2
  5. M1
  6. M2

Predator strategies:
  1. D
  2. N
  3. P1
  4. P2
  5. M1
  6. M2

Found 1 Nash equilibrium result(s):
  Equilibrium 1:
    Algorithm: support_enumeration
    Prey mixed strategy: D=0.047780, P2=0.717283, M1=0.234937
    Predator mixed strategy: N=0.044224, P1=0.748366, P2=0.207409
    Expected payoffs: prey=-0.897632, predator=0.897632

Saved combined strategy plot to /home/tim/Documents/Spacial Modeling of Animal Displacment/script/reproduce_day_night/output/figure_runs/ma_campagne/runs/game_theory/payoff_pipeline/replicator_analysis/strategy_frequencies.png
