  Solving 36 payoff case(s) with 16 worker(s).
  Finished case 1/36: prey=N, predator=N: prey=0.869191, predator=1.037110
  Finished case 2/36: prey=D, predator=D: prey=0.878809, predator=1.039939
  Finished case 3/36: prey=P1, predator=P1: prey=0.869246, predator=1.045325
  Finished case 4/36: prey=D, predator=M2: prey=0.858162, predator=1.056442
  Finished case 5/36: prey=N, predator=M2: prey=0.844482, predator=1.048201
  Finished case 6/36: prey=D, predator=P1: prey=0.847328, predator=1.059682
  Finished case 7/36: prey=D, predator=P2: prey=0.872552, predator=1.048683
  Finished case 8/36: prey=N, predator=P1: prey=0.831535, predator=1.055222
  Finished case 9/36: prey=P1, predator=D: prey=0.887567, predator=1.032163
  Finished case 10/36: prey=P1, predator=N: prey=0.869732, predator=1.048644
  Finished case 11/36: prey=D, predator=M1: prey=0.861070, predator=1.052217
  Finished case 12/36: prey=N, predator=M1: prey=0.864611, predator=1.039115
  Finished case 13/36: prey=N, predator=P2: prey=0.880402, predator=1.030477
  Finished case 14/36: prey=D, predator=N: prey=0.609490, predator=1.190889
  Finished case 15/36: prey=N, predator=D: prey=0.824513, predator=1.057069
  Finished case 16/36: prey=P1, predator=P2: prey=0.857374, predator=1.053513
  Finished case 17/36: prey=P1, predator=M2: prey=0.832157, predator=1.065799
  Finished case 18/36: prey=P1, predator=M1: prey=0.892907, predator=1.033795
  Finished case 19/36: prey=P2, predator=P2: prey=0.883135, predator=1.032111
  Finished case 20/36: prey=M1, predator=M1: prey=0.877113, predator=1.038215
  Finished case 21/36: prey=P2, predator=D: prey=0.866877, predator=1.039269
  Finished case 22/36: prey=M1, predator=P1: prey=0.853534, predator=1.049124
  Finished case 23/36: prey=P2, predator=N: prey=0.793052, predator=1.082257
  Finished case 24/36: prey=M1, predator=N: prey=0.797989, predator=1.082294
  Finished case 25/36: prey=P2, predator=M1: prey=0.875993, predator=1.035893
  Finished case 26/36: prey=P2, predator=M2: prey=0.858377, predator=1.043645
  Finished case 27/36: prey=M1, predator=D: prey=0.882060, predator=1.032312
  Finished case 28/36: prey=M1, predator=P2: prey=0.838437, predator=1.059760
  Finished case 29/36: prey=M2, predator=D: prey=0.872155, predator=1.039195
  Finished case 30/36: prey=P2, predator=P1: prey=0.823456, predator=1.062506
  Finished case 31/36: prey=M2, predator=N: prey=0.864354, predator=1.048663
  Finished case 32/36: prey=M1, predator=M2: prey=0.692628, predator=1.138432
  Finished case 33/36: prey=M2, predator=M2: prey=0.874984, predator=1.039373
  Finished case 34/36: prey=M2, predator=P2: prey=0.900384, predator=1.026843
  Finished case 35/36: prey=M2, predator=P1: prey=0.871719, predator=1.041053
  Finished case 36/36: prey=M2, predator=M1: prey=0.775686, predator=1.094883

Computed prey payoff matrix:
Prey/Pred       D       N      P1      P2      M1      M2
        D  0.8788  0.6095  0.8473  0.8726  0.8611  0.8582
        N  0.8245  0.8692  0.8315  0.8804  0.8646  0.8445
       P1  0.8876  0.8697  0.8692  0.8574  0.8929  0.8322
       P2  0.8669  0.7931  0.8235  0.8831  0.8760  0.8584
       M1  0.8821  0.7980  0.8535  0.8384  0.8771  0.6926
       M2  0.8722  0.8644  0.8717  0.9004  0.7757  0.8750

Computed predator payoff matrix:
Prey/Pred       D       N      P1      P2      M1      M2
        D  1.0399  1.1909  1.0597  1.0487  1.0522  1.0564
        N  1.0571  1.0371  1.0552  1.0305  1.0391  1.0482
       P1  1.0322  1.0486  1.0453  1.0535  1.0338  1.0658
       P2  1.0393  1.0823  1.0625  1.0321  1.0359  1.0436
       M1  1.0323  1.0823  1.0491  1.0598  1.0382  1.1384
       M2  1.0392  1.0487  1.0411  1.0268  1.0949  1.0394

Saved prey payoff matrix CSV to /home/tim/Documents/Spacial Modeling of Animal Displacment/script/reproduce_day_night/output/figure_runs/20260726_213603/runs/game_theory/payoff_pipeline/payoff_matrix_prey.csv
Saved predator payoff matrix CSV to /home/tim/Documents/Spacial Modeling of Animal Displacment/script/reproduce_day_night/output/figure_runs/20260726_213603/runs/game_theory/payoff_pipeline/payoff_matrix_predator.csv
Saved prey payoff heatmap to /home/tim/Documents/Spacial Modeling of Animal Displacment/script/reproduce_day_night/output/figure_runs/20260726_213603/runs/game_theory/payoff_pipeline/payoff_matrix_prey.png
Saved predator payoff heatmap to /home/tim/Documents/Spacial Modeling of Animal Displacment/script/reproduce_day_night/output/figure_runs/20260726_213603/runs/game_theory/payoff_pipeline/payoff_matrix_predator.png
Saved 36 population heatmap file(s) to /home/tim/Documents/Spacial Modeling of Animal Displacment/script/reproduce_day_night/output/figure_runs/20260726_213603/runs/game_theory/payoff_pipeline/population_heatmaps
