Prey payoff matrix A:
[[0.7873 0.7898 0.8269 0.8201 0.8405 0.8043]
 [0.7998 0.8479 0.7966 0.8339 0.8211 0.8082]
 [0.7398 0.8487 0.8204 0.763  0.8388 0.7317]
 [0.799  0.8313 0.8195 0.8374 0.83   0.8155]
 [0.7355 0.8366 0.8079 0.7421 0.8292 0.7151]
 [0.8037 0.8434 0.8225 0.8475 0.827  0.8285]]

Predator payoff matrix B:
[[1.0891 1.0942 1.0699 1.0762 1.0625 1.0846]
 [1.0657 1.0485 1.0709 1.0534 1.0601 1.0648]
 [1.1073 1.0592 1.07   1.1016 1.0614 1.1167]
 [1.0717 1.0609 1.0631 1.0557 1.0583 1.0659]
 [1.1073 1.0608 1.0726 1.1091 1.0627 1.1215]
 [1.0717 1.0592 1.065  1.0541 1.0629 1.063 ]]

Prey strategies:
  1. D
  2. N
  3. P1
  4. P2
  5. M
  6. V

Predator strategies:
  1. D
  2. N
  3. P1
  4. P2
  5. M
  6. V

Found 1 Nash equilibrium result(s):
  Equilibrium 1:
    Algorithm: support_enumeration
    Prey mixed strategy: V=1.000000
    Predator mixed strategy: D=1.000000
    Expected payoffs: prey=0.803683, predator=1.071719

Saved combined strategy plot to /home/tim/Documents/Spacial Modeling of Animal Displacment/script/reproduce_day_night/output/20260726_213603/runs/game_theory/payoff_pipeline/replicator_analysis/strategy_frequencies.png
